Archive member included to satisfy reference by file (symbol)

C:/ST/STM32CubeIDE_1.17.0/STM32CubeIDE/plugins/com.st.stm32cube.ide.mcu.externaltools.gnu-tools-for-stm32.13.3.rel1.win32_1.0.0.202411081344/tools/bin/../lib/gcc/arm-none-eabi/13.3.1/../../../../arm-none-eabi/lib/thumb/v7e-m+fp/hard\libc_nano.a(libc_a-exit.o)
                              C:/ST/STM32CubeIDE_1.17.0/STM32CubeIDE/plugins/com.st.stm32cube.ide.mcu.externaltools.gnu-tools-for-stm32.13.3.rel1.win32_1.0.0.202411081344/tools/bin/../lib/gcc/arm-none-eabi/13.3.1/../../../../arm-none-eabi/lib/thumb/v7e-m+fp/hard/crt0.o (exit)
C:/ST/STM32CubeIDE_1.17.0/STM32CubeIDE/plugins/com.st.stm32cube.ide.mcu.externaltools.gnu-tools-for-stm32.13.3.rel1.win32_1.0.0.202411081344/tools/bin/../lib/gcc/arm-none-eabi/13.3.1/../../../../arm-none-eabi/lib/thumb/v7e-m+fp/hard\libc_nano.a(libc_a-findfp.o)
                              C:/ST/STM32CubeIDE_1.17.0/STM32CubeIDE/plugins/com.st.stm32cube.ide.mcu.externaltools.gnu-tools-for-stm32.13.3.rel1.win32_1.0.0.202411081344/tools/bin/../lib/gcc/arm-none-eabi/13.3.1/../../../../arm-none-eabi/lib/thumb/v7e-m+fp/hard\libc_nano.a(libc_a-exit.o) (__stdio_exit_handler)
C:/ST/STM32CubeIDE_1.17.0/STM32CubeIDE/plugins/com.st.stm32cube.ide.mcu.externaltools.gnu-tools-for-stm32.13.3.rel1.win32_1.0.0.202411081344/tools/bin/../lib/gcc/arm-none-eabi/13.3.1/../../../../arm-none-eabi/lib/thumb/v7e-m+fp/hard\libc_nano.a(libc_a-fwalk.o)
                              C:/ST/STM32CubeIDE_1.17.0/STM32CubeIDE/plugins/com.st.stm32cube.ide.mcu.externaltools.gnu-tools-for-stm32.13.3.rel1.win32_1.0.0.202411081344/tools/bin/../lib/gcc/arm-none-eabi/13.3.1/../../../../arm-none-eabi/lib/thumb/v7e-m+fp/hard\libc_nano.a(libc_a-findfp.o) (_fwalk_sglue)
C:/ST/STM32CubeIDE_1.17.0/STM32CubeIDE/plugins/com.st.stm32cube.ide.mcu.externaltools.gnu-tools-for-stm32.13.3.rel1.win32_1.0.0.202411081344/tools/bin/../lib/gcc/arm-none-eabi/13.3.1/../../../../arm-none-eabi/lib/thumb/v7e-m+fp/hard\libc_nano.a(libc_a-stdio.o)
                              C:/ST/STM32CubeIDE_1.17.0/STM32CubeIDE/plugins/com.st.stm32cube.ide.mcu.externaltools.gnu-tools-for-stm32.13.3.rel1.win32_1.0.0.202411081344/tools/bin/../lib/gcc/arm-none-eabi/13.3.1/../../../../arm-none-eabi/lib/thumb/v7e-m+fp/hard\libc_nano.a(libc_a-findfp.o) (__sread)
C:/ST/STM32CubeIDE_1.17.0/STM32CubeIDE/plugins/com.st.stm32cube.ide.mcu.externaltools.gnu-tools-for-stm32.13.3.rel1.win32_1.0.0.202411081344/tools/bin/../lib/gcc/arm-none-eabi/13.3.1/../../../../arm-none-eabi/lib/thumb/v7e-m+fp/hard\libc_nano.a(libc_a-memset.o)
                              C:/ST/STM32CubeIDE_1.17.0/STM32CubeIDE/plugins/com.st.stm32cube.ide.mcu.externaltools.gnu-tools-for-stm32.13.3.rel1.win32_1.0.0.202411081344/tools/bin/../lib/gcc/arm-none-eabi/13.3.1/../../../../arm-none-eabi/lib/thumb/v7e-m+fp/hard/crt0.o (memset)
C:/ST/STM32CubeIDE_1.17.0/STM32CubeIDE/plugins/com.st.stm32cube.ide.mcu.externaltools.gnu-tools-for-stm32.13.3.rel1.win32_1.0.0.202411081344/tools/bin/../lib/gcc/arm-none-eabi/13.3.1/../../../../arm-none-eabi/lib/thumb/v7e-m+fp/hard\libc_nano.a(libc_a-closer.o)
                              C:/ST/STM32CubeIDE_1.17.0/STM32CubeIDE/plugins/com.st.stm32cube.ide.mcu.externaltools.gnu-tools-for-stm32.13.3.rel1.win32_1.0.0.202411081344/tools/bin/../lib/gcc/arm-none-eabi/13.3.1/../../../../arm-none-eabi/lib/thumb/v7e-m+fp/hard\libc_nano.a(libc_a-stdio.o) (_close_r)
C:/ST/STM32CubeIDE_1.17.0/STM32CubeIDE/plugins/com.st.stm32cube.ide.mcu.externaltools.gnu-tools-for-stm32.13.3.rel1.win32_1.0.0.202411081344/tools/bin/../lib/gcc/arm-none-eabi/13.3.1/../../../../arm-none-eabi/lib/thumb/v7e-m+fp/hard\libc_nano.a(libc_a-reent.o)
                              C:/ST/STM32CubeIDE_1.17.0/STM32CubeIDE/plugins/com.st.stm32cube.ide.mcu.externaltools.gnu-tools-for-stm32.13.3.rel1.win32_1.0.0.202411081344/tools/bin/../lib/gcc/arm-none-eabi/13.3.1/../../../../arm-none-eabi/lib/thumb/v7e-m+fp/hard\libc_nano.a(libc_a-closer.o) (errno)
C:/ST/STM32CubeIDE_1.17.0/STM32CubeIDE/plugins/com.st.stm32cube.ide.mcu.externaltools.gnu-tools-for-stm32.13.3.rel1.win32_1.0.0.202411081344/tools/bin/../lib/gcc/arm-none-eabi/13.3.1/../../../../arm-none-eabi/lib/thumb/v7e-m+fp/hard\libc_nano.a(libc_a-impure.o)
                              C:/ST/STM32CubeIDE_1.17.0/STM32CubeIDE/plugins/com.st.stm32cube.ide.mcu.externaltools.gnu-tools-for-stm32.13.3.rel1.win32_1.0.0.202411081344/tools/bin/../lib/gcc/arm-none-eabi/13.3.1/../../../../arm-none-eabi/lib/thumb/v7e-m+fp/hard\libc_nano.a(libc_a-reent.o) (_impure_ptr)
C:/ST/STM32CubeIDE_1.17.0/STM32CubeIDE/plugins/com.st.stm32cube.ide.mcu.externaltools.gnu-tools-for-stm32.13.3.rel1.win32_1.0.0.202411081344/tools/bin/../lib/gcc/arm-none-eabi/13.3.1/../../../../arm-none-eabi/lib/thumb/v7e-m+fp/hard\libc_nano.a(libc_a-lseekr.o)
[...]
Memory Configuration

Name             Origin             Length             Attributes
RAM              0x20000000         0x00020000         xrw
FLASH            0x08000000         0x00080000         xr
*default*        0x00000000         0xffffffff

Linker script and memory map

LOAD C:/ST/STM32CubeIDE_1.17.0/STM32CubeIDE/plugins/com.st.stm32cube.ide.mcu.externaltools.gnu-tools-for-stm32.13.3.rel1.win32_1.0.0.202411081344/tools/bin/../lib/gcc/arm-none-eabi/13.3.1/thumb/v7e-m+fp/hard/crti.o
LOAD C:/ST/STM32CubeIDE_1.17.0/STM32CubeIDE/plugins/com.st.stm32cube.ide.mcu.externaltools.gnu-tools-for-stm32.13.3.rel1.win32_1.0.0.202411081344/tools/bin/../lib/gcc/arm-none-eabi/13.3.1/thumb/v7e-m+fp/hard/crtbegin.o
LOAD C:/ST/STM32CubeIDE_1.17.0/STM32CubeIDE/plugins/com.st.stm32cube.ide.mcu.externaltools.gnu-tools-for-stm32.13.3.rel1.win32_1.0.0.202411081344/tools/bin/../lib/gcc/arm-none-eabi/13.3.1/../../../../arm-none-eabi/lib/thumb/v7e-m+fp/hard/crt0.o
LOAD ./Core/Src/main.o
LOAD ./Core/Src/movement.o
LOAD ./Core/Src/nrf24.o
LOAD ./Core/Src/stm32f4xx_hal_msp.o
LOAD ./Core/Src/stm32f4xx_it.o
LOAD ./Core/Src/syscalls.o
LOAD ./Core/Src/sysmem.o
LOAD ./Core/Src/system_stm32f4xx.o
LOAD ./Core/Startup/startup_stm32f411ceux.o
LOAD ./Drivers/STM32F4xx_HAL_Driver/Src/stm32f4xx_hal.o
LOAD ./Drivers/STM32F4xx_HAL_Driver/Src/stm32f4xx_hal_adc.o
LOAD ./Drivers/STM32F4xx_HAL_Driver/Src/stm32f4xx_hal_adc_ex.o
LOAD ./Drivers/STM32F4xx_HAL_Driver/Src/stm32f4xx_hal_cortex.o
LOAD ./Drivers/STM32F4xx_HAL_Driver/Src/stm32f4xx_hal_dma.o
LOAD ./Drivers/STM32F4xx_HAL_Driver/Src/stm32f4xx_hal_dma_ex.o
LOAD ./Drivers/STM32F4xx_HAL_Driver/Src/stm32f4xx_hal_exti.o
LOAD ./Drivers/STM32F4xx_HAL_Driver/Src/stm32f4xx_hal_flash.o
LOAD ./Drivers/STM32F4xx_HAL_Driver/Src/stm32f4xx_hal_flash_ex.o
LOAD ./Drivers/STM32F4xx_HAL_Driver/Src/stm32f4xx_hal_flash_ramfunc.o
LOAD ./Drivers/STM32F4xx_HAL_Driver/Src/stm32f4xx_hal_gpio.o
LOAD ./Drivers/STM32F4xx_HAL_Driver/Src/stm32f4xx_hal_pcd.o
LOAD ./Drivers/STM32F4xx_HAL_Driver/Src/stm32f4xx_hal_pcd_ex.o
LOAD ./Drivers/STM32F4xx_HAL_Driver/Src/stm32f4xx_hal_pwr.o
LOAD ./Drivers/STM32F4xx_HAL_Driver/Src/stm32f4xx_hal_pwr_ex.o
LOAD ./Drivers/STM32F4xx_HAL_Driver/Src/stm32f4xx_hal_rcc.o
LOAD ./Drivers/STM32F4xx_HAL_Driver/Src/stm32f4xx_hal_rcc_ex.o
LOAD ./Drivers/STM32F4xx_HAL_Driver/Src/stm32f4xx_hal_spi.o
LOAD ./Drivers/STM32F4xx_HAL_Driver/Src/stm32f4xx_hal_tim.o
LOAD ./Drivers/STM32F4xx_HAL_Driver/Src/stm32f4xx_hal_tim_ex.o
LOAD ./Drivers/STM32F4xx_HAL_Driver/Src/stm32f4xx_ll_adc.o
LOAD ./Drivers/STM32F4xx_HAL_Driver/Src/stm32f4xx_ll_usb.o
LOAD ./Middlewares/ST/STM32_USB_Device_Library/Class/CDC/Src/usbd_cdc.o
LOAD ./Middlewares/ST/STM32_USB_Device_Library/Core/Src/usbd_core.o
LOAD ./Middlewares/ST/STM32_USB_Device_Library/Core/Src/usbd_ctlreq.o
LOAD ./Middlewares/ST/STM32_USB_Device_Library/Core/Src/usbd_ioreq.o
LOAD ./USB_DEVICE/App/usb_device.o
LOAD ./USB_DEVICE/App/usbd_cdc_if.o
LOAD ./USB_DEVICE/App/usbd_desc.o
LOAD ./USB_DEVICE/Target/usbd_conf.o
START GROUP
LOAD C:/ST/STM32CubeIDE_1.17.0/STM32CubeIDE/plugins/com.st.stm32cube.ide.mcu.externaltools.gnu-tools-for-stm32.13.3.rel1.win32_1.0.0.202411081344/tools/bin/../lib/gcc/arm-none-eabi/13.3.1/../../../../arm-none-eabi/lib/thumb/v7e-m+fp/hard\libc_nano.a
LOAD C:/ST/STM32CubeIDE_1.17.0/STM32CubeIDE/plugins/com.st.stm32cube.ide.mcu.externaltools.gnu-tools-for-stm32.13.3.rel1.win32_1.0.0.202411081344/tools/bin/../lib/gcc/arm-none-eabi/13.3.1/../../../../arm-none-eabi/lib/thumb/v7e-m+fp/hard\libm.a
END GROUP
START GROUP
LOAD C:/ST/STM32CubeIDE_1.17.0/STM32CubeIDE/plugins/com.st.stm32cube.ide.mcu.externaltools.gnu-tools-for-stm32.13.3.rel1.win32_1.0.0.202411081344/tools/bin/../lib/gcc/arm-none-eabi/13.3.1/thumb/v7e-m+fp/hard\libgcc.a
LOAD C:/ST/STM32CubeIDE_1.17.0/STM32CubeIDE/plugins/com.st.stm32cube.ide.mcu.externaltools.gnu-tools-for-stm32.13.3.rel1.win32_1.0.0.202411081344/tools/bin/../lib/gcc/arm-none-eabi/13.3.1/../../../../arm-none-eabi/lib/thumb/v7e-m+fp/hard\libc_nano.a
END GROUP
START GROUP
LOAD C:/ST/STM32CubeIDE_1.17.0/STM32CubeIDE/plugins/com.st.stm32cube.ide.mcu.externaltools.gnu-tools-for-stm32.13.3.rel1.win32_1.0.0.202411081344/tools/bin/../lib/gcc/arm-none-eabi/13.3.1/thumb/v7e-m+fp/hard\libgcc.a
LOAD C:/ST/STM32CubeIDE_1.17.0/STM32CubeIDE/plugins/com.st.stm32cube.ide.mcu.externaltools.gnu-tools-for-stm32.13.3.rel1.win32_1.0.0.202411081344/tools/bin/../lib/gcc/arm-none-eabi/13.3.1/../../../../arm-none-eabi/lib/thumb/v7e-m+fp/hard\libc_nano.a
LOAD C:/ST/STM32CubeIDE_1.17.0/STM32CubeIDE/plugins/com.st.stm32cube.ide.mcu.externaltools.gnu-tools-for-stm32.13.3.rel1.win32_1.0.0.202411081344/tools/bin/../lib/gcc/arm-none-eabi/13.3.1/../../../../arm-none-eabi/lib/thumb/v7e-m+fp/hard\libnosys.a
END GROUP
START GROUP
LOAD C:/ST/STM32CubeIDE_1.17.0/STM32CubeIDE/plugins/com.st.stm32cube.ide.mcu.externaltools.gnu-tools-for-stm32.13.3.rel1.win32_1.0.0.202411081344/tools/bin/../lib/gcc/arm-none-eabi/13.3.1/thumb/v7e-m+fp/hard\libgcc.a
LOAD C:/ST/STM32CubeIDE_1.17.0/STM32CubeIDE/plugins/com.st.stm32cube.ide.mcu.externaltools.gnu-tools-for-stm32.13.3.rel1.win32_1.0.0.202411081344/tools/bin/../lib/gcc/arm-none-eabi/13.3.1/../../../../arm-none-eabi/lib/thumb/v7e-m+fp/hard\libc_nano.a
LOAD C:/ST/STM32CubeIDE_1.17.0/STM32CubeIDE/plugins/com.st.stm32cube.ide.mcu.externaltools.gnu-tools-for-stm32.13.3.rel1.win32_1.0.0.202411081344/tools/bin/../lib/gcc/arm-none-eabi/13.3.1/../../../../arm-none-eabi/lib/thumb/v7e-m+fp/hard\libnosys.a
END GROUP
LOAD C:/ST/STM32CubeIDE_1.17.0/STM32CubeIDE/plugins/com.st.stm32cube.ide.mcu.externaltools.gnu-tools-for-stm32.13.3.rel1.win32_1.0.0.202411081344/tools/bin/../lib/gcc/arm-none-eabi/13.3.1/thumb/v7e-m+fp/hard/crtend.o
LOAD C:/ST/STM32CubeIDE_1.17.0/STM32CubeIDE/plugins/com.st.stm32cube.ide.mcu.externaltools.gnu-tools-for-stm32.13.3.rel1.win32_1.0.0.202411081344/tools/bin/../lib/gcc/arm-none-eabi/13.3.1/thumb/v7e-m+fp/hard/crtn.o
                0x20020000                        _estack = (ORIGIN (RAM) + LENGTH (RAM))
                0x00000200                        _Min_Heap_Size = 0x200
                0x00000400                        _Min_Stack_Size = 0x400

.isr_vector     0x08000000      0x198
                0x08000000                        . = ALIGN (0x4)
 *(.isr_vector)
 .isr_vector    0x08000000      0x198 ./Core/Startup/startup_stm32f411ceux.o
                0x08000000                g_pfnVectors
                0x08000198                        . = ALIGN (0x4)

.text           0x08000198     0x8f90
                0x08000198                        . = ALIGN (0x4)
 *(.text)
 .text          0x08000198       0x40 C:/ST/STM32CubeIDE_1.17.0/STM32CubeIDE/plugins/com.st.stm32cube.ide.mcu.externaltools.gnu-tools-for-stm32.13.3.rel1.win32_1.0.0.202411081344/tools/bin/../lib/gcc/arm-none-eabi/13.3.1/thumb/v7e-m+fp/hard/crtbegin.o
 .text          0x080001d8       0x30 C:/ST/STM32CubeIDE_1.17.0/STM32CubeIDE/plugins/com.st.stm32cube.ide.mcu.externaltools.gnu-tools-for-stm32.13.3.rel1.win32_1.0.0.202411081344/tools/bin/../lib/gcc/arm-none-eabi/13.3.1/thumb/v7e-m+fp/hard\libgcc.a(_aeabi_uldivmod.o)
                0x080001d8                __aeabi_uldivmod
 .text          0x08000208      0x2f8 C:/ST/STM32CubeIDE_1.17.0/STM32CubeIDE/plugins/com.st.stm32cube.ide.mcu.externaltools.gnu-tools-for-stm32.13.3.rel1.win32_1.0.0.202411081344/tools/bin/../lib/gcc/arm-none-eabi/13.3.1/thumb/v7e-m+fp/hard\libgcc.a(_udivmoddi4.o)
                0x08000208                __udivmoddi4
 .text          0x08000500        0x4 C:/ST/STM32CubeIDE_1.17.0/STM32CubeIDE/plugins/com.st.stm32cube.ide.mcu.externaltools.gnu-tools-for-stm32.13.3.rel1.win32_1.0.0.202411081344/tools/bin/../lib/gcc/arm-none-eabi/13.3.1/thumb/v7e-m+fp/hard\libgcc.a(_dvmd_tls.o)
                0x08000500                __aeabi_idiv0
                0x08000500                __aeabi_ldiv0
 *(.text*)
 .text.main     0x08000504       0x38 ./Core/Src/main.o
                0x08000504                main
 .text.SystemClock_Config
                0x0800053c       0xd0 ./Core/Src/main.o
                0x0800053c                SystemClock_Config
 .text.MX_ADC1_Init
                0x0800060c       0xa4 ./Core/Src/main.o
 .text.MX_SPI1_Init
                0x080006b0       0x6c ./Core/Src/main.o
 .text.MX_TIM1_Init
                0x0800071c      0x108 ./Core/Src/main.o
 .text.MX_TIM2_Init
                0x08000824       0xb0 ./Core/Src/main.o
 .text.MX_TIM4_Init
                0x080008d4       0xb4 ./Core/Src/main.o
 .text.MX_TIM10_Init
                0x08000988       0x9c ./Core/Src/main.o
 .text.MX_TIM11_Init
                0x08000a24       0x9c ./Core/Src/main.o
 .text.MX_GPIO_Init
                0x08000ac0      0x108 ./Core/Src/main.o
 .text.Error_Handler
                0x08000bc8        0xc ./Core/Src/main.o
                0x08000bc8                Error_Handler
 .text.nRF24_CE_L
                0x08000bd4       0x18 ./Core/Src/movement.o
 .text.nRF24_CE_H
                0x08000bec       0x18 ./Core/Src/movement.o
 .text.nRF24_TransmitPacket
                0x08000c04       0x84 ./Core/Src/movement.o
                0x08000c04                nRF24_TransmitPacket
 .text.send_payload
                0x08000c88       0x68 ./Core/Src/movement.o
                0x08000c88                send_payload
 .text.movement
                0x08000cf0      0x118 ./Core/Src/movement.o
                0x08000cf0                movement
 .text.nRF24_CSN_L
                0x08000e08       0x18 ./Core/Src/nrf24.o
 .text.nRF24_CSN_H
                0x08000e20       0x18 ./Core/Src/nrf24.o
 .text.nRF24_LL_RW
                0x08000e38       0x38 ./Core/Src/nrf24.o
 .text.nRF24_ReadReg
                0x08000e70       0x34 ./Core/Src/nrf24.o
 .text.nRF24_WriteReg
                0x08000ea4       0x70 ./Core/Src/nrf24.o
 .text.nRF24_ReadMBReg
                0x08000f14       0x44 ./Core/Src/nrf24.o
 .text.nRF24_WriteMBReg
                0x08000f58       0x42 ./Core/Src/nrf24.o
 .text.nRF24_Init
                0x08000f9a       0x98 ./Core/Src/nrf24.o
                0x08000f9a                nRF24_Init
 *fill*         0x08001032        0x2 
 .text.nRF24_Check
                0x08001034       0x5c ./Core/Src/nrf24.o
                0x08001034                nRF24_Check
 .text.nRF24_SetPowerMode
                0x08001090       0x3e ./Core/Src/nrf24.o
                0x08001090                nRF24_SetPowerMode
 .text.nRF24_SetOperationalMode
                0x080010ce       0x42 ./Core/Src/nrf24.o
                0x080010ce                nRF24_SetOperationalMode
 .text.nRF24_SetCRCScheme
                0x08001110       0x42 ./Core/Src/nrf24.o
                0x08001110                nRF24_SetCRCScheme
 .text.nRF24_SetRFChannel
                0x08001152       0x1c ./Core/Src/nrf24.o
                0x08001152                nRF24_SetRFChannel
 .text.nRF24_SetAddrWidth
                0x0800116e       0x20 ./Core/Src/nrf24.o
                0x0800116e                nRF24_SetAddrWidth
 *fill*         0x0800118e        0x2 
 .text.nRF24_SetAddr
                0x08001190       0x94 ./Core/Src/nrf24.o
                0x08001190                nRF24_SetAddr
 .text.nRF24_SetTXPower
                0x08001224       0x36 ./Core/Src/nrf24.o
                0x08001224                nRF24_SetTXPower
 .text.nRF24_SetDataRate
                0x0800125a       0x36 ./Core/Src/nrf24.o
                0x0800125a                nRF24_SetDataRate
 .text.nRF24_SetRXPipe
                0x08001290       0xa8 ./Core/Src/nrf24.o
                0x08001290                nRF24_SetRXPipe
 .text.nRF24_DisableAA
                0x08001338       0x4e ./Core/Src/nrf24.o
                0x08001338                nRF24_DisableAA
 .text.nRF24_GetStatus
                0x08001386       0x10 ./Core/Src/nrf24.o
                0x08001386                nRF24_GetStatus
 .text.nRF24_GetStatus_RXFIFO
                0x08001396       0x16 ./Core/Src/nrf24.o
                0x08001396                nRF24_GetStatus_RXFIFO
 .text.nRF24_FlushTX
                0x080013ac       0x10 ./Core/Src/nrf24.o
                0x080013ac                nRF24_FlushTX
 .text.nRF24_FlushRX
                0x080013bc       0x10 ./Core/Src/nrf24.o
                0x080013bc                nRF24_FlushRX
 .text.nRF24_ClearIRQFlags
                0x080013cc       0x2a ./Core/Src/nrf24.o
                0x080013cc                nRF24_ClearIRQFlags
 .text.nRF24_WritePayload
                0x080013f6       0x20 ./Core/Src/nrf24.o
                0x080013f6                nRF24_WritePayload
 .text.nRF24_GetRxDplPayloadWidth
                0x08001416       0x28 ./Core/Src/nrf24.o
 *fill*         0x0800143e        0x2 
 .text.nRF24_ReadPayloadGeneric
                0x08001440       0x90 ./Core/Src/nrf24.o
 .text.nRF24_ReadPayload
                0x080014d0       0x1e ./Core/Src/nrf24.o
                0x080014d0                nRF24_ReadPayload
 *fill*         0x080014ee        0x2 
 .text.HAL_MspInit
                0x080014f0       0x50 ./Core/Src/stm32f4xx_hal_msp.o
                0x080014f0                HAL_MspInit
 .text.HAL_ADC_MspInit
                0x08001540       0xc0 ./Core/Src/stm32f4xx_hal_msp.o
                0x08001540                HAL_ADC_MspInit
 .text.HAL_SPI_MspInit
                0x08001600       0x90 ./Core/Src/stm32f4xx_hal_msp.o
                0x08001600                HAL_SPI_MspInit
 .text.HAL_TIM_PWM_MspInit
                0x08001690       0x98 ./Core/Src/stm32f4xx_hal_msp.o
                0x08001690                HAL_TIM_PWM_MspInit
 .text.HAL_TIM_Base_MspInit
                0x08001728       0x70 ./Core/Src/stm32f4xx_hal_msp.o
                0x08001728                HAL_TIM_Base_MspInit
 .text.HAL_TIM_MspPostInit
                0x08001798      0x1ac ./Core/Src/stm32f4xx_hal_msp.o
                0x08001798                HAL_TIM_MspPostInit
 .text.NMI_Handler
                0x08001944        0x8 ./Core/Src/stm32f4xx_it.o
                0x08001944                NMI_Handler
 .text.HardFault_Handler
                0x0800194c        0x8 ./Core/Src/stm32f4xx_it.o
                0x0800194c                HardFault_Handler
 .text.MemManage_Handler
                0x08001954        0x8 ./Core/Src/stm32f4xx_it.o
                0x08001954                MemManage_Handler
 .text.BusFault_Handler
                0x0800195c        0x8 ./Core/Src/stm32f4xx_it.o
                0x0800195c                BusFault_Handler
 .text.UsageFault_Handler
                0x08001964        0x8 ./Core/Src/stm32f4xx_it.o
                0x08001964                UsageFault_Handler
 .text.SVC_Handler
                0x0800196c        0xe ./Core/Src/stm32f4xx_it.o
                0x0800196c                SVC_Handler
 .text.DebugMon_Handler
                0x0800197a        0xe ./Core/Src/stm32f4xx_it.o
                0x0800197a                DebugMon_Handler
 .text.PendSV_Handler
                0x08001988        0xe ./Core/Src/stm32f4xx_it.o
                0x08001988                PendSV_Handler
 .text.SysTick_Handler
                0x08001996        0xc ./Core/Src/stm32f4xx_it.o
                0x08001996                SysTick_Handler
 *fill*         0x080019a2        0x2 
 .text.OTG_FS_IRQHandler
                0x080019a4       0x14 ./Core/Src/stm32f4xx_it.o
                0x080019a4                OTG_FS_IRQHandler
 .text.SystemInit
                0x080019b8       0x24 ./Core/Src/system_stm32f4xx.o
                0x080019b8                SystemInit
 .text.Reset_Handler
                0x080019dc       0x50 ./Core/Startup/startup_stm32f411ceux.o
                0x080019dc                Reset_Handler
 .text.Default_Handler
                0x08001a2c        0x2 ./Core/Startup/startup_stm32f411ceux.o
                0x08001a2c                RTC_Alarm_IRQHandler
                0x08001a2c                EXTI2_IRQHandler
                0x08001a2c                SPI4_IRQHandler
                0x08001a2c                TIM1_CC_IRQHandler
                0x08001a2c                DMA2_Stream5_IRQHandler
                0x08001a2c                DMA1_Stream5_IRQHandler
                0x08001a2c                PVD_IRQHandler
                0x08001a2c                SDIO_IRQHandler
                0x08001a2c                TAMP_STAMP_IRQHandler
                0x08001a2c                EXTI3_IRQHandler
                0x08001a2c                TIM1_UP_TIM10_IRQHandler
                0x08001a2c                I2C3_ER_IRQHandler
                0x08001a2c                EXTI0_IRQHandler
                0x08001a2c                I2C2_EV_IRQHandler
                0x08001a2c                DMA1_Stream2_IRQHandler
                0x08001a2c                FPU_IRQHandler
                0x08001a2c                DMA2_Stream2_IRQHandler
                0x08001a2c                SPI1_IRQHandler
                0x08001a2c                TIM1_BRK_TIM9_IRQHandler
                0x08001a2c                DMA2_Stream3_IRQHandler
                0x08001a2c                USART6_IRQHandler
                0x08001a2c                DMA2_Stream0_IRQHandler
                0x08001a2c                TIM4_IRQHandler
                0x08001a2c                I2C1_EV_IRQHandler
                0x08001a2c                DMA1_Stream6_IRQHandler
                0x08001a2c                DMA1_Stream1_IRQHandler
                0x08001a2c                TIM3_IRQHandler
                0x08001a2c                RCC_IRQHandler
                0x08001a2c                Default_Handler
                0x08001a2c                EXTI15_10_IRQHandler
                0x08001a2c                ADC_IRQHandler
                0x08001a2c                DMA1_Stream7_IRQHandler
                0x08001a2c                SPI5_IRQHandler
                0x08001a2c                TIM5_IRQHandler
                0x08001a2c                DMA2_Stream7_IRQHandler
                0x08001a2c                I2C3_EV_IRQHandler
                0x08001a2c                EXTI9_5_IRQHandler
                0x08001a2c                RTC_WKUP_IRQHandler
                0x08001a2c                SPI2_IRQHandler
                0x08001a2c                DMA1_Stream0_IRQHandler
                0x08001a2c                EXTI4_IRQHandler
                0x08001a2c                WWDG_IRQHandler
                0x08001a2c                TIM2_IRQHandler
                0x08001a2c                OTG_FS_WKUP_IRQHandler
                0x08001a2c                TIM1_TRG_COM_TIM11_IRQHandler
                0x08001a2c                EXTI1_IRQHandler
                0x08001a2c                USART2_IRQHandler
                0x08001a2c                I2C2_ER_IRQHandler
                0x08001a2c                DMA2_Stream1_IRQHandler
                0x08001a2c                FLASH_IRQHandler
                0x08001a2c                DMA2_Stream4_IRQHandler
                0x08001a2c                USART1_IRQHandler
                0x08001a2c                SPI3_IRQHandler
                0x08001a2c                DMA1_Stream4_IRQHandler
                0x08001a2c                I2C1_ER_IRQHandler
                0x08001a2c                DMA2_Stream6_IRQHandler
                0x08001a2c                DMA1_Stream3_IRQHandler
 *fill*         0x08001a2e        0x2 
 .text.HAL_Init
                0x08001a30       0x44 ./Drivers/STM32F4xx_HAL_Driver/Src/stm32f4xx_hal.o
                0x08001a30                HAL_Init
 .text.HAL_InitTick
                0x08001a74       0x60 ./Drivers/STM32F4xx_HAL_Driver/Src/stm32f4xx_hal.o
                0x08001a74                HAL_InitTick
 .text.HAL_IncTick
                0x08001ad4       0x28 ./Drivers/STM32F4xx_HAL_Driver/Src/stm32f4xx_hal.o
                0x08001ad4                HAL_IncTick
 .text.HAL_GetTick
                0x08001afc       0x18 ./Drivers/STM32F4xx_HAL_Driver/Src/stm32f4xx_hal.o
                0x08001afc                HAL_GetTick
 .text.HAL_Delay
                0x08001b14       0x48 ./Drivers/STM32F4xx_HAL_Driver/Src/stm32f4xx_hal.o
                0x08001b14                HAL_Delay
 .text.HAL_ADC_Init
                0x08001b5c       0x86 ./Drivers/STM32F4xx_HAL_Driver/Src/stm32f4xx_hal_adc.o
                0x08001b5c                HAL_ADC_Init
 *fill*         0x08001be2        0x2 
 .text.HAL_ADC_ConfigChannel
                0x08001be4      0x264 ./Drivers/STM32F4xx_HAL_Driver/Src/stm32f4xx_hal_adc.o
                0x08001be4                HAL_ADC_ConfigChannel
 .text.ADC_Init
                0x08001e48      0x1f8 ./Drivers/STM32F4xx_HAL_Driver/Src/stm32f4xx_hal_adc.o
 .text.__NVIC_SetPriorityGrouping
                0x08002040       0x48 ./Drivers/STM32F4xx_HAL_Driver/Src/stm32f4xx_hal_cortex.o
 .text.__NVIC_GetPriorityGrouping
                0x08002088       0x1c ./Drivers/STM32F4xx_HAL_Driver/Src/stm32f4xx_hal_cortex.o
 .text.__NVIC_EnableIRQ
                0x080020a4       0x3c ./Drivers/STM32F4xx_HAL_Driver/Src/stm32f4xx_hal_cortex.o
 .text.__NVIC_SetPriority
                0x080020e0       0x54 ./Drivers/STM32F4xx_HAL_Driver/Src/stm32f4xx_hal_cortex.o
 .text.NVIC_EncodePriority
                0x08002134       0x66 ./Drivers/STM32F4xx_HAL_Driver/Src/stm32f4xx_hal_cortex.o
 *fill*         0x0800219a        0x2 
 .text.SysTick_Config
                0x0800219c       0x44 ./Drivers/STM32F4xx_HAL_Driver/Src/stm32f4xx_hal_cortex.o
 .text.HAL_NVIC_SetPriorityGrouping
                0x080021e0       0x16 ./Drivers/STM32F4xx_HAL_Driver/Src/stm32f4xx_hal_cortex.o
                0x080021e0                HAL_NVIC_SetPriorityGrouping
 .text.HAL_NVIC_SetPriority
                0x080021f6       0x38 ./Drivers/STM32F4xx_HAL_Driver/Src/stm32f4xx_hal_cortex.o
                0x080021f6                HAL_NVIC_SetPriority
 .text.HAL_NVIC_EnableIRQ
                0x0800222e       0x1c ./Drivers/STM32F4xx_HAL_Driver/Src/stm32f4xx_hal_cortex.o
                0x0800222e                HAL_NVIC_EnableIRQ
 .text.HAL_SYSTICK_Config
                0x0800224a       0x18 ./Drivers/STM32F4xx_HAL_Driver/Src/stm32f4xx_hal_cortex.o
                0x0800224a                HAL_SYSTICK_Config
 *fill*         0x08002262        0x2 
 .text.HAL_GPIO_Init
                0x08002264      0x308 ./Drivers/STM32F4xx_HAL_Driver/Src/stm32f4xx_hal_gpio.o
                0x08002264                HAL_GPIO_Init
 .text.HAL_GPIO_WritePin
                0x0800256c       0x32 ./Drivers/STM32F4xx_HAL_Driver/Src/stm32f4xx_hal_gpio.o
                0x0800256c                HAL_GPIO_WritePin
 .text.HAL_PCD_Init
                0x0800259e      0x21e ./Drivers/STM32F4xx_HAL_Driver/Src/stm32f4xx_hal_pcd.o
                0x0800259e                HAL_PCD_Init
 .text.HAL_PCD_Start
                0x080027bc       0x6a ./Drivers/STM32F4xx_HAL_Driver/Src/stm32f4xx_hal_pcd.o
                0x080027bc                HAL_PCD_Start
 .text.HAL_PCD_IRQHandler
                0x08002826      0x942 ./Drivers/STM32F4xx_HAL_Driver/Src/stm32f4xx_hal_pcd.o
                0x08002826                HAL_PCD_IRQHandler
 .text.HAL_PCD_SetAddress
                0x08003168       0x48 ./Drivers/STM32F4xx_HAL_Driver/Src/stm32f4xx_hal_pcd.o
                0x08003168                HAL_PCD_SetAddress
 .text.HAL_PCD_EP_Open
                0x080031b0       0xd4 ./Drivers/STM32F4xx_HAL_Driver/Src/stm32f4xx_hal_pcd.o
                0x080031b0                HAL_PCD_EP_Open
 .text.HAL_PCD_EP_Close
                0x08003284       0x94 ./Drivers/STM32F4xx_HAL_Driver/Src/stm32f4xx_hal_pcd.o
                0x08003284                HAL_PCD_EP_Close
 .text.HAL_PCD_EP_Receive
                0x08003318       0x76 ./Drivers/STM32F4xx_HAL_Driver/Src/stm32f4xx_hal_pcd.o
                0x08003318                HAL_PCD_EP_Receive
 .text.HAL_PCD_EP_GetRxCount
                0x0800338e       0x30 ./Drivers/STM32F4xx_HAL_Driver/Src/stm32f4xx_hal_pcd.o
                0x0800338e                HAL_PCD_EP_GetRxCount
 .text.HAL_PCD_EP_Transmit
                0x080033be       0x74 ./Drivers/STM32F4xx_HAL_Driver/Src/stm32f4xx_hal_pcd.o
                0x080033be                HAL_PCD_EP_Transmit
 .text.HAL_PCD_EP_SetStall
                0x08003432       0xc6 ./Drivers/STM32F4xx_HAL_Driver/Src/stm32f4xx_hal_pcd.o
                0x08003432                HAL_PCD_EP_SetStall
 .text.HAL_PCD_EP_ClrStall
                0x080034f8       0xac ./Drivers/STM32F4xx_HAL_Driver/Src/stm32f4xx_hal_pcd.o
                0x080034f8                HAL_PCD_EP_ClrStall
 .text.HAL_PCD_EP_Abort
                0x080035a4       0x62 ./Drivers/STM32F4xx_HAL_Driver/Src/stm32f4xx_hal_pcd.o
                0x080035a4                HAL_PCD_EP_Abort
 .text.PCD_WriteEmptyTxFifo
                0x08003606      0x118 ./Drivers/STM32F4xx_HAL_Driver/Src/stm32f4xx_hal_pcd.o
 *fill*         0x0800371e        0x2 
 .text.PCD_EP_OutXfrComplete_int
                0x08003720      0x1d0 ./Drivers/STM32F4xx_HAL_Driver/Src/stm32f4xx_hal_pcd.o
 .text.PCD_EP_OutSetupPacket_int
                0x080038f0       0x8c ./Drivers/STM32F4xx_HAL_Driver/Src/stm32f4xx_hal_pcd.o
 .text.HAL_PCDEx_SetTxFiFo
                0x0800397c       0x8e ./Drivers/STM32F4xx_HAL_Driver/Src/stm32f4xx_hal_pcd_ex.o
                0x0800397c                HAL_PCDEx_SetTxFiFo
 .text.HAL_PCDEx_SetRxFiFo
                0x08003a0a       0x22 ./Drivers/STM32F4xx_HAL_Driver/Src/stm32f4xx_hal_pcd_ex.o
                0x08003a0a                HAL_PCDEx_SetRxFiFo
 .text.HAL_PCDEx_LPM_Callback
                0x08003a2c       0x18 ./Drivers/STM32F4xx_HAL_Driver/Src/stm32f4xx_hal_pcd_ex.o
                0x08003a2c                HAL_PCDEx_LPM_Callback
 .text.HAL_RCC_OscConfig
                0x08003a44      0x4f0 ./Drivers/STM32F4xx_HAL_Driver/Src/stm32f4xx_hal_rcc.o
                0x08003a44                HAL_RCC_OscConfig
 .text.HAL_RCC_ClockConfig
                0x08003f34      0x1cc ./Drivers/STM32F4xx_HAL_Driver/Src/stm32f4xx_hal_rcc.o
                0x08003f34                HAL_RCC_ClockConfig
 .text.HAL_RCC_GetSysClockFreq
                0x08004100      0x18c ./Drivers/STM32F4xx_HAL_Driver/Src/stm32f4xx_hal_rcc.o
                0x08004100                HAL_RCC_GetSysClockFreq
 .text.HAL_RCC_GetHCLKFreq
                0x0800428c       0x18 ./Drivers/STM32F4xx_HAL_Driver/Src/stm32f4xx_hal_rcc.o
                0x0800428c                HAL_RCC_GetHCLKFreq
 .text.HAL_SPI_Init
                0x080042a4      0x112 ./Drivers/STM32F4xx_HAL_Driver/Src/stm32f4xx_hal_spi.o
                0x080042a4                HAL_SPI_Init
 .text.HAL_SPI_TransmitReceive
                0x080043b6      0x352 ./Drivers/STM32F4xx_HAL_Driver/Src/stm32f4xx_hal_spi.o
                0x080043b6                HAL_SPI_TransmitReceive
 .text.SPI_WaitFlagStateUntilTimeout
                0x08004708      0x110 ./Drivers/STM32F4xx_HAL_Driver/Src/stm32f4xx_hal_spi.o
 .text.SPI_EndRxTxTransaction
                0x08004818       0xa8 ./Drivers/STM32F4xx_HAL_Driver/Src/stm32f4xx_hal_spi.o
 .text.HAL_TIM_Base_Init
                0x080048c0       0x9e ./Drivers/STM32F4xx_HAL_Driver/Src/stm32f4xx_hal_tim.o
                0x080048c0                HAL_TIM_Base_Init
 .text.HAL_TIM_PWM_Init
                0x0800495e       0x9e ./Drivers/STM32F4xx_HAL_Driver/Src/stm32f4xx_hal_tim.o
                0x0800495e                HAL_TIM_PWM_Init
 .text.HAL_TIM_PWM_ConfigChannel
                0x080049fc      0x184 ./Drivers/STM32F4xx_HAL_Driver/Src/stm32f4xx_hal_tim.o
                0x080049fc                HAL_TIM_PWM_ConfigChannel
 .text.TIM_Base_SetConfig
                0x08004b80      0x118 ./Drivers/STM32F4xx_HAL_Driver/Src/stm32f4xx_hal_tim.o
                0x08004b80                TIM_Base_SetConfig
 .text.TIM_OC1_SetConfig
                0x08004c98       0xcc ./Drivers/STM32F4xx_HAL_Driver/Src/stm32f4xx_hal_tim.o
 .text.TIM_OC2_SetConfig
                0x08004d64       0xd8 ./Drivers/STM32F4xx_HAL_Driver/Src/stm32f4xx_hal_tim.o
                0x08004d64                TIM_OC2_SetConfig
 .text.TIM_OC3_SetConfig
                0x08004e3c       0xd4 ./Drivers/STM32F4xx_HAL_Driver/Src/stm32f4xx_hal_tim.o
 .text.TIM_OC4_SetConfig
                0x08004f10       0xa0 ./Drivers/STM32F4xx_HAL_Driver/Src/stm32f4xx_hal_tim.o
 .text.HAL_TIMEx_MasterConfigSynchronization
                0x08004fb0       0xdc ./Drivers/STM32F4xx_HAL_Driver/Src/stm32f4xx_hal_tim_ex.o
                0x08004fb0                HAL_TIMEx_MasterConfigSynchronization
 .text.HAL_TIMEx_ConfigBreakDeadTime
                0x0800508c       0xa4 ./Drivers/STM32F4xx_HAL_Driver/Src/stm32f4xx_hal_tim_ex.o
                0x0800508c                HAL_TIMEx_ConfigBreakDeadTime
 .text.USB_CoreInit
                0x08005130       0xc8 ./Drivers/STM32F4xx_HAL_Driver/Src/stm32f4xx_ll_usb.o
                0x08005130                USB_CoreInit
 .text.USB_SetTurnaroundTime
                0x080051f8      0x144 ./Drivers/STM32F4xx_HAL_Driver/Src/stm32f4xx_ll_usb.o
                0x080051f8                USB_SetTurnaroundTime
 .text.USB_EnableGlobalInt
                0x0800533c       0x22 ./Drivers/STM32F4xx_HAL_Driver/Src/stm32f4xx_ll_usb.o
                0x0800533c                USB_EnableGlobalInt
 .text.USB_DisableGlobalInt
                0x0800535e       0x22 ./Drivers/STM32F4xx_HAL_Driver/Src/stm32f4xx_ll_usb.o
                0x0800535e                USB_DisableGlobalInt
 .text.USB_SetCurrentMode
                0x08005380       0x98 ./Drivers/STM32F4xx_HAL_Driver/Src/stm32f4xx_ll_usb.o
                0x08005380                USB_SetCurrentMode
 .text.USB_DevInit
                0x08005418      0x2c8 ./Drivers/STM32F4xx_HAL_Driver/Src/stm32f4xx_ll_usb.o
                0x08005418                USB_DevInit
 .text.USB_FlushTxFifo
                0x080056e0       0x64 ./Drivers/STM32F4xx_HAL_Driver/Src/stm32f4xx_ll_usb.o
                0x080056e0                USB_FlushTxFifo
 .text.USB_FlushRxFifo
                0x08005744       0x5c ./Drivers/STM32F4xx_HAL_Driver/Src/stm32f4xx_ll_usb.o
                0x08005744                USB_FlushRxFifo
 .text.USB_SetDevSpeed
                0x080057a0       0x32 ./Drivers/STM32F4xx_HAL_Driver/Src/stm32f4xx_ll_usb.o
                0x080057a0                USB_SetDevSpeed
 .text.USB_GetDevSpeed
                0x080057d2       0x4a ./Drivers/STM32F4xx_HAL_Driver/Src/stm32f4xx_ll_usb.o
                0x080057d2                USB_GetDevSpeed
 .text.USB_ActivateEndpoint
                0x0800581c      0x10e ./Drivers/STM32F4xx_HAL_Driver/Src/stm32f4xx_ll_usb.o
                0x0800581c                USB_ActivateEndpoint
 *fill*         0x0800592a        0x2 
 .text.USB_DeactivateEndpoint
                0x0800592c      0x1b8 ./Drivers/STM32F4xx_HAL_Driver/Src/stm32f4xx_ll_usb.o
                0x0800592c                USB_DeactivateEndpoint
 .text.USB_EPStartXfer
                0x08005ae4      0x53c ./Drivers/STM32F4xx_HAL_Driver/Src/stm32f4xx_ll_usb.o
                0x08005ae4                USB_EPStartXfer
 .text.USB_EPStopXfer
                0x08006020      0x154 ./Drivers/STM32F4xx_HAL_Driver/Src/stm32f4xx_ll_usb.o
                0x08006020                USB_EPStopXfer
 .text.USB_WritePacket
                0x08006174       0x7c ./Drivers/STM32F4xx_HAL_Driver/Src/stm32f4xx_ll_usb.o
                0x08006174                USB_WritePacket
 .text.USB_ReadPacket
                0x080061f0       0xb0 ./Drivers/STM32F4xx_HAL_Driver/Src/stm32f4xx_ll_usb.o
                0x080061f0                USB_ReadPacket
 .text.USB_EPSetStall
                0x080062a0       0xdc ./Drivers/STM32F4xx_HAL_Driver/Src/stm32f4xx_ll_usb.o
                0x080062a0                USB_EPSetStall
 .text.USB_EPClearStall
                0x0800637c       0xcc ./Drivers/STM32F4xx_HAL_Driver/Src/stm32f4xx_ll_usb.o
                0x0800637c                USB_EPClearStall
 .text.USB_SetDevAddress
                0x08006448       0x4c ./Drivers/STM32F4xx_HAL_Driver/Src/stm32f4xx_ll_usb.o
                0x08006448                USB_SetDevAddress
 .text.USB_DevConnect
                0x08006494       0x42 ./Drivers/STM32F4xx_HAL_Driver/Src/stm32f4xx_ll_usb.o
                0x08006494                USB_DevConnect
 .text.USB_DevDisconnect
                0x080064d6       0x42 ./Drivers/STM32F4xx_HAL_Driver/Src/stm32f4xx_ll_usb.o
                0x080064d6                USB_DevDisconnect
 .text.USB_ReadInterrupts
                0x08006518       0x26 ./Drivers/STM32F4xx_HAL_Driver/Src/stm32f4xx_ll_usb.o
                0x08006518                USB_ReadInterrupts
 .text.USB_ReadDevAllOutEpInterrupt
                0x0800653e       0x34 ./Drivers/STM32F4xx_HAL_Driver/Src/stm32f4xx_ll_usb.o
                0x0800653e                USB_ReadDevAllOutEpInterrupt
 .text.USB_ReadDevAllInEpInterrupt
                0x08006572       0x34 ./Drivers/STM32F4xx_HAL_Driver/Src/stm32f4xx_ll_usb.o
                0x08006572                USB_ReadDevAllInEpInterrupt
 .text.USB_ReadDevOutEPInterrupt
                0x080065a6       0x3c ./Drivers/STM32F4xx_HAL_Driver/Src/stm32f4xx_ll_usb.o
                0x080065a6                USB_ReadDevOutEPInterrupt
 .text.USB_ReadDevInEPInterrupt
                0x080065e2       0x5c ./Drivers/STM32F4xx_HAL_Driver/Src/stm32f4xx_ll_usb.o
                0x080065e2                USB_ReadDevInEPInterrupt
 .text.USB_GetMode
                0x0800663e       0x1c ./Drivers/STM32F4xx_HAL_Driver/Src/stm32f4xx_ll_usb.o
                0x0800663e                USB_GetMode
 .text.USB_ActivateSetup
                0x0800665a       0x46 ./Drivers/STM32F4xx_HAL_Driver/Src/stm32f4xx_ll_usb.o
                0x0800665a                USB_ActivateSetup
 .text.USB_EP0_OutStart
                0x080066a0       0xbc ./Drivers/STM32F4xx_HAL_Driver/Src/stm32f4xx_ll_usb.o
                0x080066a0                USB_EP0_OutStart
 .text.USB_CoreReset
                0x0800675c       0x62 ./Drivers/STM32F4xx_HAL_Driver/Src/stm32f4xx_ll_usb.o
 *fill*         0x080067be        0x2 
 .text.USBD_CDC_Init
                0x080067c0      0x1f0 ./Middlewares/ST/STM32_USB_Device_Library/Class/CDC/Src/usbd_cdc.o
 .text.USBD_CDC_DeInit
                0x080069b0      0x104 ./Middlewares/ST/STM32_USB_Device_Library/Class/CDC/Src/usbd_cdc.o
 .text.USBD_CDC_Setup
                0x08006ab4      0x1b8 ./Middlewares/ST/STM32_USB_Device_Library/Class/CDC/Src/usbd_cdc.o
 .text.USBD_CDC_DataIn
                0x08006c6c       0xfe ./Middlewares/ST/STM32_USB_Device_Library/Class/CDC/Src/usbd_cdc.o
 .text.USBD_CDC_DataOut
                0x08006d6a       0x70 ./Middlewares/ST/STM32_USB_Device_Library/Class/CDC/Src/usbd_cdc.o
 .text.USBD_CDC_EP0_RxReady
                0x08006dda       0x74 ./Middlewares/ST/STM32_USB_Device_Library/Class/CDC/Src/usbd_cdc.o
 *fill*         0x08006e4e        0x2 
 .text.USBD_CDC_GetFSCfgDesc
                0x08006e50       0x70 ./Middlewares/ST/STM32_USB_Device_Library/Class/CDC/Src/usbd_cdc.o
 .text.USBD_CDC_GetHSCfgDesc
                0x08006ec0       0x70 ./Middlewares/ST/STM32_USB_Device_Library/Class/CDC/Src/usbd_cdc.o
 .text.USBD_CDC_GetOtherSpeedCfgDesc
                0x08006f30       0x70 ./Middlewares/ST/STM32_USB_Device_Library/Class/CDC/Src/usbd_cdc.o
 .text.USBD_CDC_GetDeviceQualifierDescriptor
                0x08006fa0       0x20 ./Middlewares/ST/STM32_USB_Device_Library/Class/CDC/Src/usbd_cdc.o
                0x08006fa0                USBD_CDC_GetDeviceQualifierDescriptor
 .text.USBD_CDC_RegisterInterface
                0x08006fc0       0x34 ./Middlewares/ST/STM32_USB_Device_Library/Class/CDC/Src/usbd_cdc.o
                0x08006fc0                USBD_CDC_RegisterInterface
 .text.USBD_CDC_SetTxBuffer
                0x08006ff4       0x44 ./Middlewares/ST/STM32_USB_Device_Library/Class/CDC/Src/usbd_cdc.o
                0x08006ff4                USBD_CDC_SetTxBuffer
 .text.USBD_CDC_SetRxBuffer
                0x08007038       0x3a ./Middlewares/ST/STM32_USB_Device_Library/Class/CDC/Src/usbd_cdc.o
                0x08007038                USBD_CDC_SetRxBuffer
 *fill*         0x08007072        0x2 
 .text.USBD_CDC_ReceivePacket
                0x08007074       0x6c ./Middlewares/ST/STM32_USB_Device_Library/Class/CDC/Src/usbd_cdc.o
                0x08007074                USBD_CDC_ReceivePacket
 .text.USBD_Init
                0x080070e0       0x60 ./Middlewares/ST/STM32_USB_Device_Library/Core/Src/usbd_core.o
                0x080070e0                USBD_Init
 .text.USBD_RegisterClass
                0x08007140       0x6c ./Middlewares/ST/STM32_USB_Device_Library/Core/Src/usbd_core.o
                0x08007140                USBD_RegisterClass
 .text.USBD_Start
                0x080071ac       0x18 ./Middlewares/ST/STM32_USB_Device_Library/Core/Src/usbd_core.o
                0x080071ac                USBD_Start
 .text.USBD_RunTestMode
                0x080071c4       0x16 ./Middlewares/ST/STM32_USB_Device_Library/Core/Src/usbd_core.o
                0x080071c4                USBD_RunTestMode
 .text.USBD_SetClassConfig
                0x080071da       0x38 ./Middlewares/ST/STM32_USB_Device_Library/Core/Src/usbd_core.o
                0x080071da                USBD_SetClassConfig
 .text.USBD_ClrClassConfig
                0x08007212       0x34 ./Middlewares/ST/STM32_USB_Device_Library/Core/Src/usbd_core.o
                0x08007212                USBD_ClrClassConfig
 .text.USBD_LL_SetupStage
                0x08007246       0xaa ./Middlewares/ST/STM32_USB_Device_Library/Core/Src/usbd_core.o
                0x08007246                USBD_LL_SetupStage
 .text.USBD_LL_DataOutStage
                0x080072f0      0x166 ./Middlewares/ST/STM32_USB_Device_Library/Core/Src/usbd_core.o
                0x080072f0                USBD_LL_DataOutStage
 .text.USBD_LL_DataInStage
                0x08007456      0x164 ./Middlewares/ST/STM32_USB_Device_Library/Core/Src/usbd_core.o
                0x08007456                USBD_LL_DataInStage
 .text.USBD_LL_Reset
                0x080075ba       0xa4 ./Middlewares/ST/STM32_USB_Device_Library/Core/Src/usbd_core.o
                0x080075ba                USBD_LL_Reset
 .text.USBD_LL_SetSpeed
                0x0800765e       0x20 ./Middlewares/ST/STM32_USB_Device_Library/Core/Src/usbd_core.o
                0x0800765e                USBD_LL_SetSpeed
 .text.USBD_LL_Suspend
                0x0800767e       0x38 ./Middlewares/ST/STM32_USB_Device_Library/Core/Src/usbd_core.o
                0x0800767e                USBD_LL_Suspend
 .text.USBD_LL_Resume
                0x080076b6       0x30 ./Middlewares/ST/STM32_USB_Device_Library/Core/Src/usbd_core.o
                0x080076b6                USBD_LL_Resume
 .text.USBD_LL_SOF
                0x080076e6       0x40 ./Middlewares/ST/STM32_USB_Device_Library/Core/Src/usbd_core.o
                0x080076e6                USBD_LL_SOF
 .text.USBD_LL_IsoINIncomplete
                0x08007726       0x64 ./Middlewares/ST/STM32_USB_Device_Library/Core/Src/usbd_core.o
                0x08007726                USBD_LL_IsoINIncomplete
 .text.USBD_LL_IsoOUTIncomplete
                0x0800778a       0x64 ./Middlewares/ST/STM32_USB_Device_Library/Core/Src/usbd_core.o
                0x0800778a                USBD_LL_IsoOUTIncomplete
 .text.USBD_LL_DevConnected
                0x080077ee       0x16 ./Middlewares/ST/STM32_USB_Device_Library/Core/Src/usbd_core.o
                0x080077ee                USBD_LL_DevConnected
 .text.USBD_LL_DevDisconnected
                0x08007804       0x46 ./Middlewares/ST/STM32_USB_Device_Library/Core/Src/usbd_core.o
                0x08007804                USBD_LL_DevDisconnected
 .text.USBD_CoreFindIF
                0x0800784a       0x1a ./Middlewares/ST/STM32_USB_Device_Library/Core/Src/usbd_core.o
                0x0800784a                USBD_CoreFindIF
 .text.USBD_CoreFindEP
                0x08007864       0x1a ./Middlewares/ST/STM32_USB_Device_Library/Core/Src/usbd_core.o
                0x08007864                USBD_CoreFindEP
 .text.USBD_GetEpDesc
                0x0800787e       0x70 ./Middlewares/ST/STM32_USB_Device_Library/Core/Src/usbd_core.o
                0x0800787e                USBD_GetEpDesc
 .text.USBD_GetNextDesc
                0x080078ee       0x38 ./Middlewares/ST/STM32_USB_Device_Library/Core/Src/usbd_core.o
                0x080078ee                USBD_GetNextDesc
 .text.SWAPBYTE
                0x08007926       0x3e ./Middlewares/ST/STM32_USB_Device_Library/Core/Src/usbd_ctlreq.o
 .text.USBD_StdDevReq
                0x08007964       0xe4 ./Middlewares/ST/STM32_USB_Device_Library/Core/Src/usbd_ctlreq.o
                0x08007964                USBD_StdDevReq
 .text.USBD_StdItfReq
                0x08007a48       0xd8 ./Middlewares/ST/STM32_USB_Device_Library/Core/Src/usbd_ctlreq.o
                0x08007a48                USBD_StdItfReq
 .text.USBD_StdEPReq
                0x08007b20      0x33a ./Middlewares/ST/STM32_USB_Device_Library/Core/Src/usbd_ctlreq.o
                0x08007b20                USBD_StdEPReq
 *fill*         0x08007e5a        0x2 
 .text.USBD_GetDescriptor
                0x08007e5c      0x2d4 ./Middlewares/ST/STM32_USB_Device_Library/Core/Src/usbd_ctlreq.o
 .text.USBD_SetAddress
                0x08008130       0x88 ./Middlewares/ST/STM32_USB_Device_Library/Core/Src/usbd_ctlreq.o
 .text.USBD_SetConfig
                0x080081b8      0x154 ./Middlewares/ST/STM32_USB_Device_Library/Core/Src/usbd_ctlreq.o
 .text.USBD_GetConfig
                0x0800830c       0x6c ./Middlewares/ST/STM32_USB_Device_Library/Core/Src/usbd_ctlreq.o
 .text.USBD_GetStatus
                0x08008378       0x68 ./Middlewares/ST/STM32_USB_Device_Library/Core/Src/usbd_ctlreq.o
 .text.USBD_SetFeature
                0x080083e0       0x52 ./Middlewares/ST/STM32_USB_Device_Library/Core/Src/usbd_ctlreq.o
 .text.USBD_ClrFeature
                0x08008432       0x44 ./Middlewares/ST/STM32_USB_Device_Library/Core/Src/usbd_ctlreq.o
 .text.USBD_ParseSetupRequest
                0x08008476       0x74 ./Middlewares/ST/STM32_USB_Device_Library/Core/Src/usbd_ctlreq.o
                0x08008476                USBD_ParseSetupRequest
 .text.USBD_CtlError
                0x080084ea       0x22 ./Middlewares/ST/STM32_USB_Device_Library/Core/Src/usbd_ctlreq.o
                0x080084ea                USBD_CtlError
 .text.USBD_GetString
                0x0800850c       0xa4 ./Middlewares/ST/STM32_USB_Device_Library/Core/Src/usbd_ctlreq.o
                0x0800850c                USBD_GetString
 .text.USBD_GetLen
                0x080085b0       0x34 ./Middlewares/ST/STM32_USB_Device_Library/Core/Src/usbd_ctlreq.o
 .text.USBD_CtlSendData
                0x080085e4       0x36 ./Middlewares/ST/STM32_USB_Device_Library/Core/Src/usbd_ioreq.o
                0x080085e4                USBD_CtlSendData
 .text.USBD_CtlContinueSendData
                0x0800861a       0x22 ./Middlewares/ST/STM32_USB_Device_Library/Core/Src/usbd_ioreq.o
                0x0800861a                USBD_CtlContinueSendData
 .text.USBD_CtlPrepareRx
                0x0800863c       0x3a ./Middlewares/ST/STM32_USB_Device_Library/Core/Src/usbd_ioreq.o
                0x0800863c                USBD_CtlPrepareRx
 .text.USBD_CtlContinueRx
                0x08008676       0x22 ./Middlewares/ST/STM32_USB_Device_Library/Core/Src/usbd_ioreq.o
                0x08008676                USBD_CtlContinueRx
 .text.USBD_CtlSendStatus
                0x08008698       0x26 ./Middlewares/ST/STM32_USB_Device_Library/Core/Src/usbd_ioreq.o
                0x08008698                USBD_CtlSendStatus
 .text.USBD_CtlReceiveStatus
                0x080086be       0x26 ./Middlewares/ST/STM32_USB_Device_Library/Core/Src/usbd_ioreq.o
                0x080086be                USBD_CtlReceiveStatus
 .text.MX_USB_DEVICE_Init
                0x080086e4       0x60 ./USB_DEVICE/App/usb_device.o
                0x080086e4                MX_USB_DEVICE_Init
 .text.CDC_Init_FS
                0x08008744       0x28 ./USB_DEVICE/App/usbd_cdc_if.o
 .text.CDC_DeInit_FS
                0x0800876c       0x10 ./USB_DEVICE/App/usbd_cdc_if.o
 .text.CDC_Control_FS
                0x0800877c       0xbc ./USB_DEVICE/App/usbd_cdc_if.o
 .text.CDC_Receive_FS
                0x08008838       0x28 ./USB_DEVICE/App/usbd_cdc_if.o
 .text.CDC_TransmitCplt_FS
                0x08008860       0x22 ./USB_DEVICE/App/usbd_cdc_if.o
 *fill*         0x08008882        0x2 
 .text.USBD_FS_DeviceDescriptor
                0x08008884       0x24 ./USB_DEVICE/App/usbd_desc.o
                0x08008884                USBD_FS_DeviceDescriptor
 .text.USBD_FS_LangIDStrDescriptor
                0x080088a8       0x24 ./USB_DEVICE/App/usbd_desc.o
                0x080088a8                USBD_FS_LangIDStrDescriptor
 .text.USBD_FS_ProductStrDescriptor
                0x080088cc       0x3c ./USB_DEVICE/App/usbd_desc.o
                0x080088cc                USBD_FS_ProductStrDescriptor
 .text.USBD_FS_ManufacturerStrDescriptor
                0x08008908       0x28 ./USB_DEVICE/App/usbd_desc.o
                0x08008908                USBD_FS_ManufacturerStrDescriptor
 .text.USBD_FS_SerialStrDescriptor
                0x08008930       0x24 ./USB_DEVICE/App/usbd_desc.o
                0x08008930                USBD_FS_SerialStrDescriptor
 .text.USBD_FS_ConfigStrDescriptor
                0x08008954       0x3c ./USB_DEVICE/App/usbd_desc.o
                0x08008954                USBD_FS_ConfigStrDescriptor
 .text.USBD_FS_InterfaceStrDescriptor
                0x08008990       0x3c ./USB_DEVICE/App/usbd_desc.o
                0x08008990                USBD_FS_InterfaceStrDescriptor
 .text.Get_SerialNum
                0x080089cc       0x58 ./USB_DEVICE/App/usbd_desc.o
 .text.IntToUnicode
                0x08008a24       0x7e ./USB_DEVICE/App/usbd_desc.o
 *fill*         0x08008aa2        0x2 
 .text.HAL_PCD_MspInit
                0x08008aa4       0xa8 ./USB_DEVICE/Target/usbd_conf.o
                0x08008aa4                HAL_PCD_MspInit
 .text.HAL_PCD_SetupStageCallback
                0x08008b4c       0x24 ./USB_DEVICE/Target/usbd_conf.o
                0x08008b4c                HAL_PCD_SetupStageCallback
 .text.HAL_PCD_DataOutStageCallback
                0x08008b70       0x36 ./USB_DEVICE/Target/usbd_conf.o
                0x08008b70                HAL_PCD_DataOutStageCallback
 .text.HAL_PCD_DataInStageCallback
                0x08008ba6       0x34 ./USB_DEVICE/Target/usbd_conf.o
                0x08008ba6                HAL_PCD_DataInStageCallback
 .text.HAL_PCD_SOFCallback
                0x08008bda       0x1c ./USB_DEVICE/Target/usbd_conf.o
                0x08008bda                HAL_PCD_SOFCallback
 .text.HAL_PCD_ResetCallback
                0x08008bf6       0x3c ./USB_DEVICE/Target/usbd_conf.o
                0x08008bf6                HAL_PCD_ResetCallback
 *fill*         0x08008c32        0x2 
 .text.HAL_PCD_SuspendCallback
                0x08008c34       0x4c ./USB_DEVICE/Target/usbd_conf.o
                0x08008c34                HAL_PCD_SuspendCallback
 .text.HAL_PCD_ResumeCallback
                0x08008c80       0x1c ./USB_DEVICE/Target/usbd_conf.o
                0x08008c80                HAL_PCD_ResumeCallback
 .text.HAL_PCD_ISOOUTIncompleteCallback
                0x08008c9c       0x24 ./USB_DEVICE/Target/usbd_conf.o
                0x08008c9c                HAL_PCD_ISOOUTIncompleteCallback
 .text.HAL_PCD_ISOINIncompleteCallback
                0x08008cc0       0x24 ./USB_DEVICE/Target/usbd_conf.o
                0x08008cc0                HAL_PCD_ISOINIncompleteCallback
 .text.HAL_PCD_ConnectCallback
                0x08008ce4       0x1c ./USB_DEVICE/Target/usbd_conf.o
                0x08008ce4                HAL_PCD_ConnectCallback
 .text.HAL_PCD_DisconnectCallback
                0x08008d00       0x1c ./USB_DEVICE/Target/usbd_conf.o
                0x08008d00                HAL_PCD_DisconnectCallback
 .text.USBD_LL_Init
                0x08008d1c       0x98 ./USB_DEVICE/Target/usbd_conf.o
                0x08008d1c                USBD_LL_Init
 .text.USBD_LL_Start
                0x08008db4       0x36 ./USB_DEVICE/Target/usbd_conf.o
                0x08008db4                USBD_LL_Start
 .text.USBD_LL_OpenEP
                0x08008dea       0x4c ./USB_DEVICE/Target/usbd_conf.o
                0x08008dea                USBD_LL_OpenEP
 .text.USBD_LL_CloseEP
                0x08008e36       0x3e ./USB_DEVICE/Target/usbd_conf.o
                0x08008e36                USBD_LL_CloseEP
 .text.USBD_LL_StallEP
                0x08008e74       0x3e ./USB_DEVICE/Target/usbd_conf.o
                0x08008e74                USBD_LL_StallEP
 .text.USBD_LL_ClearStallEP
                0x08008eb2       0x3e ./USB_DEVICE/Target/usbd_conf.o
                0x08008eb2                USBD_LL_ClearStallEP
 .text.USBD_LL_IsStallEP
                0x08008ef0       0x58 ./USB_DEVICE/Target/usbd_conf.o
                0x08008ef0                USBD_LL_IsStallEP
 .text.USBD_LL_SetUSBAddress
                0x08008f48       0x3e ./USB_DEVICE/Target/usbd_conf.o
                0x08008f48                USBD_LL_SetUSBAddress
 .text.USBD_LL_Transmit
                0x08008f86       0x42 ./USB_DEVICE/Target/usbd_conf.o
                0x08008f86                USBD_LL_Transmit
 .text.USBD_LL_PrepareReceive
                0x08008fc8       0x42 ./USB_DEVICE/Target/usbd_conf.o
                0x08008fc8                USBD_LL_PrepareReceive
 .text.USBD_LL_GetRxDataSize
                0x0800900a       0x26 ./USB_DEVICE/Target/usbd_conf.o
                0x0800900a                USBD_LL_GetRxDataSize
 .text.USBD_static_malloc
                0x08009030       0x1c ./USB_DEVICE/Target/usbd_conf.o
                0x08009030                USBD_static_malloc
 .text.USBD_static_free
                0x0800904c       0x14 ./USB_DEVICE/Target/usbd_conf.o
                0x0800904c                USBD_static_free
 .text.USBD_Get_USB_Status
                0x08009060       0x58 ./USB_DEVICE/Target/usbd_conf.o
                0x08009060                USBD_Get_USB_Status
 .text.memset   0x080090b8       0x10 C:/ST/STM32CubeIDE_1.17.0/STM32CubeIDE/plugins/com.st.stm32cube.ide.mcu.externaltools.gnu-tools-for-stm32.13.3.rel1.win32_1.0.0.202411081344/tools/bin/../lib/gcc/arm-none-eabi/13.3.1/../../../../arm-none-eabi/lib/thumb/v7e-m+fp/hard\libc_nano.a(libc_a-memset.o)
                0x080090b8                memset
 .text.__libc_init_array
                0x080090c8       0x48 C:/ST/STM32CubeIDE_1.17.0/STM32CubeIDE/plugins/com.st.stm32cube.ide.mcu.externaltools.gnu-tools-for-stm32.13.3.rel1.win32_1.0.0.202411081344/tools/bin/../lib/gcc/arm-none-eabi/13.3.1/../../../../arm-none-eabi/lib/thumb/v7e-m+fp/hard\libc_nano.a(libc_a-init.o)
                0x080090c8                __libc_init_array
 *(.glue_7)
 .glue_7        0x08009110        0x0 linker stubs
 *(.glue_7t)
 .glue_7t       0x08009110        0x0 linker stubs
 *(.eh_frame)
 .eh_frame      0x08009110        0x0 C:/ST/STM32CubeIDE_1.17.0/STM32CubeIDE/plugins/com.st.stm32cube.ide.mcu.externaltools.gnu-tools-for-stm32.13.3.rel1.win32_1.0.0.202411081344/tools/bin/../lib/gcc/arm-none-eabi/13.3.1/thumb/v7e-m+fp/hard/crtbegin.o
 *(.init)
 .init          0x08009110        0x4 C:/ST/STM32CubeIDE_1.17.0/STM32CubeIDE/plugins/com.st.stm32cube.ide.mcu.externaltools.gnu-tools-for-stm32.13.3.rel1.win32_1.0.0.202411081344/tools/bin/../lib/gcc/arm-none-eabi/13.3.1/thumb/v7e-m+fp/hard/crti.o
                0x08009110                _init
 .init          0x08009114        0x8 C:/ST/STM32CubeIDE_1.17.0/STM32CubeIDE/plugins/com.st.stm32cube.ide.mcu.externaltools.gnu-tools-for-stm32.13.3.rel1.win32_1.0.0.202411081344/tools/bin/../lib/gcc/arm-none-eabi/13.3.1/thumb/v7e-m+fp/hard/crtn.o
 *(.fini)
 .fini          0x0800911c        0x4 C:/ST/STM32CubeIDE_1.17.0/STM32CubeIDE/plugins/com.st.stm32cube.ide.mcu.externaltools.gnu-tools-for-stm32.13.3.rel1.win32_1.0.0.202411081344/tools/bin/../lib/gcc/arm-none-eabi/13.3.1/thumb/v7e-m+fp/hard/crti.o
                0x0800911c                _fini
 .fini          0x08009120        0x8 C:/ST/STM32CubeIDE_1.17.0/STM32CubeIDE/plugins/com.st.stm32cube.ide.mcu.externaltools.gnu-tools-for-stm32.13.3.rel1.win32_1.0.0.202411081344/tools/bin/../lib/gcc/arm-none-eabi/13.3.1/thumb/v7e-m+fp/hard/crtn.o
                0x08009128                        . = ALIGN (0x4)
                0x08009128                        _etext = .

.vfp11_veneer   0x08009128        0x0
 .vfp11_veneer  0x08009128        0x0 linker stubs

.v4_bx          0x08009128        0x0
 .v4_bx         0x08009128        0x0 linker stubs

.iplt           0x08009128        0x0
 .iplt          0x08009128        0x0 C:/ST/STM32CubeIDE_1.17.0/STM32CubeIDE/plugins/com.st.stm32cube.ide.mcu.externaltools.gnu-tools-for-stm32.13.3.rel1.win32_1.0.0.202411081344/tools/bin/../lib/gcc/arm-none-eabi/13.3.1/thumb/v7e-m+fp/hard/crtbegin.o

.rodata         0x08009128       0x98
                0x08009128                        . = ALIGN (0x4)
 *(.rodata)
 .rodata        0x08009128       0x20 ./Core/Src/movement.o
 .rodata        0x08009148        0x6 ./Core/Src/nrf24.o
 *fill*         0x0800914e        0x2 
 .rodata        0x08009150       0x46 ./USB_DEVICE/App/usbd_desc.o
 *(.rodata*)
 *fill*         0x08009196        0x2 
 .rodata.nRF24_ADDR_Rx.1
                0x08009198        0x3 ./Core/Src/movement.o
 *fill*         0x0800919b        0x1 
 .rodata.nRF24_ADDR_Tx.0
                0x0800919c        0x3 ./Core/Src/movement.o
 *fill*         0x0800919f        0x1 
 .rodata.nRF24_RX_PW_PIPE
                0x080091a0        0x6 ./Core/Src/nrf24.o
 *fill*         0x080091a6        0x2 
 .rodata.nRF24_ADDR_REGS
                0x080091a8        0x7 ./Core/Src/nrf24.o
 *fill*         0x080091af        0x1 
 .rodata.AHBPrescTable
                0x080091b0       0x10 ./Core/Src/system_stm32f4xx.o
                0x080091b0                AHBPrescTable
                0x080091c0                        . = ALIGN (0x4)

.ARM.extab      0x080091c0        0x0
                0x080091c0                        . = ALIGN (0x4)
 *(.ARM.extab* .gnu.linkonce.armextab.*)
                0x080091c0                        . = ALIGN (0x4)

.ARM            0x080091c0        0x8
                0x080091c0                        . = ALIGN (0x4)
                0x080091c0                        __exidx_start = .
 *(.ARM.exidx*)
 .ARM.exidx     0x080091c0        0x8 C:/ST/STM32CubeIDE_1.17.0/STM32CubeIDE/plugins/com.st.stm32cube.ide.mcu.externaltools.gnu-tools-for-stm32.13.3.rel1.win32_1.0.0.202411081344/tools/bin/../lib/gcc/arm-none-eabi/13.3.1/thumb/v7e-m+fp/hard\libgcc.a(_udivmoddi4.o)
                0x080091c8                        __exidx_end = .
                0x080091c8                        . = ALIGN (0x4)

.preinit_array  0x080091c8        0x0
                0x080091c8                        . = ALIGN (0x4)
                0x080091c8                        PROVIDE (__preinit_array_start = .)
 *(.preinit_array*)
                0x080091c8                        PROVIDE (__preinit_array_end = .)
                0x080091c8                        . = ALIGN (0x4)

.init_array     0x080091c8        0x4
                0x080091c8                        . = ALIGN (0x4)
                0x080091c8                        PROVIDE (__init_array_start = .)
 *(SORT_BY_NAME(.init_array.*))
 *(.init_array*)
 .init_array    0x080091c8        0x4 C:/ST/STM32CubeIDE_1.17.0/STM32CubeIDE/plugins/com.st.stm32cube.ide.mcu.externaltools.gnu-tools-for-stm32.13.3.rel1.win32_1.0.0.202411081344/tools/bin/../lib/gcc/arm-none-eabi/13.3.1/thumb/v7e-m+fp/hard/crtbegin.o
                0x080091cc                        PROVIDE (__init_array_end = .)
                0x080091cc                        . = ALIGN (0x4)

.fini_array     0x080091cc        0x4
                0x080091cc                        . = ALIGN (0x4)
                [!provide]                        PROVIDE (__fini_array_start = .)
 *(SORT_BY_NAME(.fini_array.*))
 *(.fini_array*)
 .fini_array    0x080091cc        0x4 C:/ST/STM32CubeIDE_1.17.0/STM32CubeIDE/plugins/com.st.stm32cube.ide.mcu.externaltools.gnu-tools-for-stm32.13.3.rel1.win32_1.0.0.202411081344/tools/bin/../lib/gcc/arm-none-eabi/13.3.1/thumb/v7e-m+fp/hard/crtbegin.o
                [!provide]                        PROVIDE (__fini_array_end = .)
                0x080091d0                        . = ALIGN (0x4)
                0x080091d0                        _sidata = LOADADDR (.data)

.rel.dyn        0x080091d0        0x0
 .rel.iplt      0x080091d0        0x0 C:/ST/STM32CubeIDE_1.17.0/STM32CubeIDE/plugins/com.st.stm32cube.ide.mcu.externaltools.gnu-tools-for-stm32.13.3.rel1.win32_1.0.0.202411081344/tools/bin/../lib/gcc/arm-none-eabi/13.3.1/thumb/v7e-m+fp/hard/crtbegin.o

.data           0x20000000       0xfc load address 0x080091d0
                0x20000000                        . = ALIGN (0x4)
                0x20000000                        _sdata = .
 *(.data)
 *(.data*)
 .data.SystemCoreClock
                0x20000000        0x4 ./Core/Src/system_stm32f4xx.o
                0x20000000                SystemCoreClock
 .data.uwTickPrio
                0x20000004        0x4 ./Drivers/STM32F4xx_HAL_Driver/Src/stm32f4xx_hal.o
                0x20000004                uwTickPrio
 .data.uwTickFreq
                0x20000008        0x1 ./Drivers/STM32F4xx_HAL_Driver/Src/stm32f4xx_hal.o
                0x20000008                uwTickFreq
 *fill*         0x20000009        0x3 
 .data.USBD_CDC_DeviceQualifierDesc
                0x2000000c        0xa ./Middlewares/ST/STM32_USB_Device_Library/Class/CDC/Src/usbd_cdc.o
 *fill*         0x20000016        0x2 
 .data.USBD_CDC
                0x20000018       0x38 ./Middlewares/ST/STM32_USB_Device_Library/Class/CDC/Src/usbd_cdc.o
                0x20000018                USBD_CDC
 .data.USBD_CDC_CfgDesc
                0x20000050       0x43 ./Middlewares/ST/STM32_USB_Device_Library/Class/CDC/Src/usbd_cdc.o
 .data.CDCInEpAdd
                0x20000093        0x1 ./Middlewares/ST/STM32_USB_Device_Library/Class/CDC/Src/usbd_cdc.o
 .data.CDCOutEpAdd
                0x20000094        0x1 ./Middlewares/ST/STM32_USB_Device_Library/Class/CDC/Src/usbd_cdc.o
 .data.CDCCmdEpAdd
                0x20000095        0x1 ./Middlewares/ST/STM32_USB_Device_Library/Class/CDC/Src/usbd_cdc.o
 *fill*         0x20000096        0x2 
 .data.USBD_Interface_fops_FS
                0x20000098       0x14 ./USB_DEVICE/App/usbd_cdc_if.o
                0x20000098                USBD_Interface_fops_FS
 .data.FS_Desc  0x200000ac       0x1c ./USB_DEVICE/App/usbd_desc.o
                0x200000ac                FS_Desc
 .data.USBD_FS_DeviceDesc
                0x200000c8       0x12 ./USB_DEVICE/App/usbd_desc.o
                0x200000c8                USBD_FS_DeviceDesc
 *fill*         0x200000da        0x2 
 .data.USBD_LangIDDesc
                0x200000dc        0x4 ./USB_DEVICE/App/usbd_desc.o
                0x200000dc                USBD_LangIDDesc
 .data.USBD_StringSerial
                0x200000e0       0x1a ./USB_DEVICE/App/usbd_desc.o
                0x200000e0                USBD_StringSerial
 *(.RamFunc)
 *(.RamFunc*)
                0x200000fc                        . = ALIGN (0x4)
 *fill*         0x200000fa        0x2 
                0x200000fc                        _edata = .

.igot.plt       0x200000fc        0x0 load address 0x080092cc
 .igot.plt      0x200000fc        0x0 C:/ST/STM32CubeIDE_1.17.0/STM32CubeIDE/plugins/com.st.stm32cube.ide.mcu.externaltools.gnu-tools-for-stm32.13.3.rel1.win32_1.0.0.202411081344/tools/bin/../lib/gcc/arm-none-eabi/13.3.1/thumb/v7e-m+fp/hard/crtbegin.o
                0x200000fc                        . = ALIGN (0x4)

.bss            0x200000fc     0x1e34 load address 0x080092cc
                0x200000fc                        _sbss = .
                0x200000fc                        __bss_start__ = _sbss
 *(.bss)
 .bss           0x200000fc       0x1c C:/ST/STM32CubeIDE_1.17.0/STM32CubeIDE/plugins/com.st.stm32cube.ide.mcu.externaltools.gnu-tools-for-stm32.13.3.rel1.win32_1.0.0.202411081344/tools/bin/../lib/gcc/arm-none-eabi/13.3.1/thumb/v7e-m+fp/hard/crtbegin.o
 *(.bss*)
 .bss.hadc1     0x20000118       0x48 ./Core/Src/main.o
                0x20000118                hadc1
 .bss.hspi1     0x20000160       0x58 ./Core/Src/main.o
                0x20000160                hspi1
 .bss.htim1     0x200001b8       0x48 ./Core/Src/main.o
                0x200001b8                htim1
 .bss.htim2     0x20000200       0x48 ./Core/Src/main.o
                0x20000200                htim2
 .bss.htim4     0x20000248       0x48 ./Core/Src/main.o
                0x20000248                htim4
 .bss.htim10    0x20000290       0x48 ./Core/Src/main.o
                0x20000290                htim10
 .bss.htim11    0x200002d8       0x48 ./Core/Src/main.o
                0x200002d8                htim11
 .bss.Val_X     0x20000320        0x1 ./Core/Src/movement.o
                0x20000320                Val_X
 .bss.Val_Y     0x20000321        0x1 ./Core/Src/movement.o
                0x20000321                Val_Y
 .bss.Val_S     0x20000322        0x1 ./Core/Src/movement.o
                0x20000322                Val_S
 *fill*         0x20000323        0x1 
 .bss.nRF24_payload
                0x20000324       0x20 ./Core/Src/movement.o
                0x20000324                nRF24_payload
 .bss.pipe      0x20000344        0x1 ./Core/Src/movement.o
                0x20000344                pipe
 .bss.payload_length
                0x20000345        0x1 ./Core/Src/movement.o
                0x20000345                payload_length
 .bss.tx_res    0x20000346        0x1 ./Core/Src/movement.o
                0x20000346                tx_res
 *fill*         0x20000347        0x1 
 .bss.uwTick    0x20000348        0x4 ./Drivers/STM32F4xx_HAL_Driver/Src/stm32f4xx_hal.o
                0x20000348                uwTick
 .bss.cfgidx.0  0x2000034c        0x1 ./Middlewares/ST/STM32_USB_Device_Library/Core/Src/usbd_ctlreq.o
 *fill*         0x2000034d        0x3 
 .bss.hUsbDeviceFS
                0x20000350      0x2dc ./USB_DEVICE/App/usb_device.o
                0x20000350                hUsbDeviceFS
 .bss.UserRxBufferFS
                0x2000062c      0x800 ./USB_DEVICE/App/usbd_cdc_if.o
                0x2000062c                UserRxBufferFS
 .bss.UserTxBufferFS
                0x20000e2c      0x800 ./USB_DEVICE/App/usbd_cdc_if.o
                0x20000e2c                UserTxBufferFS
 .bss.USBD_StrDesc
                0x2000162c      0x200 ./USB_DEVICE/App/usbd_desc.o
                0x2000162c                USBD_StrDesc
 .bss.hpcd_USB_OTG_FS
                0x2000182c      0x4e4 ./USB_DEVICE/Target/usbd_conf.o
                0x2000182c                hpcd_USB_OTG_FS
 .bss.mem.0     0x20001d10      0x220 ./USB_DEVICE/Target/usbd_conf.o
 *(COMMON)
                0x20001f30                        . = ALIGN (0x4)
                0x20001f30                        _ebss = .
                0x20001f30                        __bss_end__ = _ebss

._user_heap_stack
                0x20001f30      0x600 load address 0x080092cc
                0x20001f30                        . = ALIGN (0x8)
                [!provide]                        PROVIDE (end = .)
                0x20001f30                        PROVIDE (_end = .)
                0x20002130                        . = (. + _Min_Heap_Size)
 *fill*         0x20001f30      0x200 
                0x20002530                        . = (. + _Min_Stack_Size)
 *fill*         0x20002130      0x400 
                0x20002530                        . = ALIGN (0x8)

/DISCARD/
 libc.a(*)
 libm.a(*)
 libgcc.a(*)

.ARM.attributes
                0x00000000       0x30
 *(.ARM.attributes)
 .ARM.attributes
                0x00000000       0x22 C:/ST/STM32CubeIDE_1.17.0/STM32CubeIDE/plugins/com.st.stm32cube.ide.mcu.externaltools.gnu-tools-for-stm32.13.3.rel1.win32_1.0.0.202411081344/tools/bin/../lib/gcc/arm-none-eabi/13.3.1/thumb/v7e-m+fp/hard/crti.o
 .ARM.attributes
                0x00000022       0x34 C:/ST/STM32CubeIDE_1.17.0/STM32CubeIDE/plugins/com.st.stm32cube.ide.mcu.externaltools.gnu-tools-for-stm32.13.3.rel1.win32_1.0.0.202411081344/tools/bin/../lib/gcc/arm-none-eabi/13.3.1/thumb/v7e-m+fp/hard/crtbegin.o
 .ARM.attributes
                0x00000056       0x34 ./Core/Src/main.o
 .ARM.attributes
                0x0000008a       0x34 ./Core/Src/movement.o
 .ARM.attributes
                0x000000be       0x34 ./Core/Src/nrf24.o
 .ARM.attributes
                0x000000f2       0x34 ./Core/Src/stm32f4xx_hal_msp.o
 .ARM.attributes
                0x00000126       0x34 ./Core/Src/stm32f4xx_it.o
 .ARM.attributes
                0x0000015a       0x34 ./Core/Src/system_stm32f4xx.o
 .ARM.attributes
                0x0000018e       0x21 ./Core/Startup/startup_stm32f411ceux.o
 .ARM.attributes
                0x000001af       0x34 ./Drivers/STM32F4xx_HAL_Driver/Src/stm32f4xx_hal.o
 .ARM.attributes
                0x000001e3       0x34 ./Drivers/STM32F4xx_HAL_Driver/Src/stm32f4xx_hal_adc.o
 .ARM.attributes
                0x00000217       0x34 ./Drivers/STM32F4xx_HAL_Driver/Src/stm32f4xx_hal_cortex.o
 .ARM.attributes
                0x0000024b       0x34 ./Drivers/STM32F4xx_HAL_Driver/Src/stm32f4xx_hal_gpio.o
 .ARM.attributes
                0x0000027f       0x34 ./Drivers/STM32F4xx_HAL_Driver/Src/stm32f4xx_hal_pcd.o
 .ARM.attributes
                0x000002b3       0x34 ./Drivers/STM32F4xx_HAL_Driver/Src/stm32f4xx_hal_pcd_ex.o
 .ARM.attributes
                0x000002e7       0x34 ./Drivers/STM32F4xx_HAL_Driver/Src/stm32f4xx_hal_rcc.o
 .ARM.attributes
                0x0000031b       0x34 ./Drivers/STM32F4xx_HAL_Driver/Src/stm32f4xx_hal_spi.o
 .ARM.attributes
                0x0000034f       0x34 ./Drivers/STM32F4xx_HAL_Driver/Src/stm32f4xx_hal_tim.o
 .ARM.attributes
                0x00000383       0x34 ./Drivers/STM32F4xx_HAL_Driver/Src/stm32f4xx_hal_tim_ex.o
 .ARM.attributes
                0x000003b7       0x34 ./Drivers/STM32F4xx_HAL_Driver/Src/stm32f4xx_ll_usb.o
 .ARM.attributes
                0x000003eb       0x34 ./Middlewares/ST/STM32_USB_Device_Library/Class/CDC/Src/usbd_cdc.o
 .ARM.attributes
                0x0000041f       0x34 ./Middlewares/ST/STM32_USB_Device_Library/Core/Src/usbd_core.o
 .ARM.attributes
                0x00000453       0x34 ./Middlewares/ST/STM32_USB_Device_Library/Core/Src/usbd_ctlreq.o
 .ARM.attributes
                0x00000487       0x34 ./Middlewares/ST/STM32_USB_Device_Library/Core/Src/usbd_ioreq.o
 .ARM.attributes
                0x000004bb       0x34 ./USB_DEVICE/App/usb_device.o
 .ARM.attributes
                0x000004ef       0x34 ./USB_DEVICE/App/usbd_cdc_if.o
 .ARM.attributes
                0x00000523       0x34 ./USB_DEVICE/App/usbd_desc.o
 .ARM.attributes
                0x00000557       0x34 ./USB_DEVICE/Target/usbd_conf.o
 .ARM.attributes
                0x0000058b       0x34 C:/ST/STM32CubeIDE_1.17.0/STM32CubeIDE/plugins/com.st.stm32cube.ide.mcu.externaltools.gnu-tools-for-stm32.13.3.rel1.win32_1.0.0.202411081344/tools/bin/../lib/gcc/arm-none-eabi/13.3.1/../../../../arm-none-eabi/lib/thumb/v7e-m+fp/hard\libc_nano.a(libc_a-memset.o)
 .ARM.attributes
                0x000005bf       0x34 C:/ST/STM32CubeIDE_1.17.0/STM32CubeIDE/plugins/com.st.stm32cube.ide.mcu.externaltools.gnu-tools-for-stm32.13.3.rel1.win32_1.0.0.202411081344/tools/bin/../lib/gcc/arm-none-eabi/13.3.1/../../../../arm-none-eabi/lib/thumb/v7e-m+fp/hard\libc_nano.a(libc_a-init.o)
 .ARM.attributes
                0x000005f3       0x22 C:/ST/STM32CubeIDE_1.17.0/STM32CubeIDE/plugins/com.st.stm32cube.ide.mcu.externaltools.gnu-tools-for-stm32.13.3.rel1.win32_1.0.0.202411081344/tools/bin/../lib/gcc/arm-none-eabi/13.3.1/thumb/v7e-m+fp/hard\libgcc.a(_aeabi_uldivmod.o)
 .ARM.attributes
                0x00000615       0x34 C:/ST/STM32CubeIDE_1.17.0/STM32CubeIDE/plugins/com.st.stm32cube.ide.mcu.externaltools.gnu-tools-for-stm32.13.3.rel1.win32_1.0.0.202411081344/tools/bin/../lib/gcc/arm-none-eabi/13.3.1/thumb/v7e-m+fp/hard\libgcc.a(_udivmoddi4.o)
 .ARM.attributes
                0x00000649       0x22 C:/ST/STM32CubeIDE_1.17.0/STM32CubeIDE/plugins/com.st.stm32cube.ide.mcu.externaltools.gnu-tools-for-stm32.13.3.rel1.win32_1.0.0.202411081344/tools/bin/../lib/gcc/arm-none-eabi/13.3.1/thumb/v7e-m+fp/hard\libgcc.a(_dvmd_tls.o)
 .ARM.attributes
                0x0000066b       0x22 C:/ST/STM32CubeIDE_1.17.0/STM32CubeIDE/plugins/com.st.stm32cube.ide.mcu.externaltools.gnu-tools-for-stm32.13.3.rel1.win32_1.0.0.202411081344/tools/bin/../lib/gcc/arm-none-eabi/13.3.1/thumb/v7e-m+fp/hard/crtn.o
OUTPUT(Robot_STM32F411CEU6.elf elf32-littlearm)
LOAD linker stubs
LOAD C:/ST/STM32CubeIDE_1.17.0/STM32CubeIDE/plugins/com.st.stm32cube.ide.mcu.externaltools.gnu-tools-for-stm32.13.3.rel1.win32_1.0.0.202411081344/tools/bin/../lib/gcc/arm-none-eabi/13.3.1/../../../../arm-none-eabi/lib/thumb/v7e-m+fp/hard\libc.a
LOAD C:/ST/STM32CubeIDE_1.17.0/STM32CubeIDE/plugins/com.st.stm32cube.ide.mcu.externaltools.gnu-tools-for-stm32.13.3.rel1.win32_1.0.0.202411081344/tools/bin/../lib/gcc/arm-none-eabi/13.3.1/../../../../arm-none-eabi/lib/thumb/v7e-m+fp/hard\libm.a
LOAD C:/ST/STM32CubeIDE_1.17.0/STM32CubeIDE/plugins/com.st.stm32cube.ide.mcu.externaltools.gnu-tools-for-stm32.13.3.rel1.win32_1.0.0.202411081344/tools/bin/../lib/gcc/arm-none-eabi/13.3.1/thumb/v7e-m+fp/hard\libgcc.a

.debug_info     0x00000000    0x16822
 .debug_info    0x00000000     0x15b4 ./Core/Src/main.o
 .debug_info    0x000015b4      0x6d2 ./Core/Src/movement.o
 .debug_info    0x00001c86      0xf26 ./Core/Src/nrf24.o
 .debug_info    0x00002bac     0x11a6 ./Core/Src/stm32f4xx_hal_msp.o
 .debug_info    0x00003d52      0x627 ./Core/Src/stm32f4xx_it.o
 .debug_info    0x00004379      0x53e ./Core/Src/system_stm32f4xx.o
 .debug_info    0x000048b7       0x30 ./Core/Startup/startup_stm32f411ceux.o
 .debug_info    0x000048e7      0x8c4 ./Drivers/STM32F4xx_HAL_Driver/Src/stm32f4xx_hal.o
 .debug_info    0x000051ab      0xcd1 ./Drivers/STM32F4xx_HAL_Driver/Src/stm32f4xx_hal_adc.o
 .debug_info    0x00005e7c      0xcfc ./Drivers/STM32F4xx_HAL_Driver/Src/stm32f4xx_hal_cortex.o
 .debug_info    0x00006b78      0x6f9 ./Drivers/STM32F4xx_HAL_Driver/Src/stm32f4xx_hal_gpio.o
 .debug_info    0x00007271     0x1577 ./Drivers/STM32F4xx_HAL_Driver/Src/stm32f4xx_hal_pcd.o
 .debug_info    0x000087e8      0x6ea ./Drivers/STM32F4xx_HAL_Driver/Src/stm32f4xx_hal_pcd_ex.o
 .debug_info    0x00008ed2      0x8f0 ./Drivers/STM32F4xx_HAL_Driver/Src/stm32f4xx_hal_rcc.o
 .debug_info    0x000097c2     0x1530 ./Drivers/STM32F4xx_HAL_Driver/Src/stm32f4xx_hal_spi.o
 .debug_info    0x0000acf2     0x2996 ./Drivers/STM32F4xx_HAL_Driver/Src/stm32f4xx_hal_tim.o
 .debug_info    0x0000d688     0x14d4 ./Drivers/STM32F4xx_HAL_Driver/Src/stm32f4xx_hal_tim_ex.o
 .debug_info    0x0000eb5c     0x1993 ./Drivers/STM32F4xx_HAL_Driver/Src/stm32f4xx_ll_usb.o
 .debug_info    0x000104ef     0x12a3 ./Middlewares/ST/STM32_USB_Device_Library/Class/CDC/Src/usbd_cdc.o
 .debug_info    0x00011792      0xe05 ./Middlewares/ST/STM32_USB_Device_Library/Core/Src/usbd_core.o
 .debug_info    0x00012597      0xade ./Middlewares/ST/STM32_USB_Device_Library/Core/Src/usbd_ctlreq.o
 .debug_info    0x00013075      0x755 ./Middlewares/ST/STM32_USB_Device_Library/Core/Src/usbd_ioreq.o
 .debug_info    0x000137ca      0x701 ./USB_DEVICE/App/usb_device.o
 .debug_info    0x00013ecb      0x8fa ./USB_DEVICE/App/usbd_cdc_if.o
 .debug_info    0x000147c5      0x458 ./USB_DEVICE/App/usbd_desc.o
 .debug_info    0x00014c1d     0x1c05 ./USB_DEVICE/Target/usbd_conf.o

.debug_abbrev   0x00000000     0x3a95
 .debug_abbrev  0x00000000      0x29b ./Core/Src/main.o
 .debug_abbrev  0x0000029b      0x211 ./Core/Src/movement.o
 .debug_abbrev  0x000004ac      0x34f ./Core/Src/nrf24.o
 .debug_abbrev  0x000007fb      0x236 ./Core/Src/stm32f4xx_hal_msp.o
 .debug_abbrev  0x00000a31      0x1a4 ./Core/Src/stm32f4xx_it.o
 .debug_abbrev  0x00000bd5      0x11a ./Core/Src/system_stm32f4xx.o
 .debug_abbrev  0x00000cef       0x24 ./Core/Startup/startup_stm32f411ceux.o
 .debug_abbrev  0x00000d13      0x24b ./Drivers/STM32F4xx_HAL_Driver/Src/stm32f4xx_hal.o
 .debug_abbrev  0x00000f5e      0x20e ./Drivers/STM32F4xx_HAL_Driver/Src/stm32f4xx_hal_adc.o
 .debug_abbrev  0x0000116c      0x31d ./Drivers/STM32F4xx_HAL_Driver/Src/stm32f4xx_hal_cortex.o
 .debug_abbrev  0x00001489      0x1d3 ./Drivers/STM32F4xx_HAL_Driver/Src/stm32f4xx_hal_gpio.o
 .debug_abbrev  0x0000165c      0x2b6 ./Drivers/STM32F4xx_HAL_Driver/Src/stm32f4xx_hal_pcd.o
 .debug_abbrev  0x00001912      0x1da ./Drivers/STM32F4xx_HAL_Driver/Src/stm32f4xx_hal_pcd_ex.o
 .debug_abbrev  0x00001aec      0x2b6 ./Drivers/STM32F4xx_HAL_Driver/Src/stm32f4xx_hal_rcc.o
 .debug_abbrev  0x00001da2      0x276 ./Drivers/STM32F4xx_HAL_Driver/Src/stm32f4xx_hal_spi.o
 .debug_abbrev  0x00002018      0x28b ./Drivers/STM32F4xx_HAL_Driver/Src/stm32f4xx_hal_tim.o
 .debug_abbrev  0x000022a3      0x296 ./Drivers/STM32F4xx_HAL_Driver/Src/stm32f4xx_hal_tim_ex.o
 .debug_abbrev  0x00002539      0x2b3 ./Drivers/STM32F4xx_HAL_Driver/Src/stm32f4xx_ll_usb.o
 .debug_abbrev  0x000027ec      0x2d2 ./Middlewares/ST/STM32_USB_Device_Library/Class/CDC/Src/usbd_cdc.o
 .debug_abbrev  0x00002abe      0x27c ./Middlewares/ST/STM32_USB_Device_Library/Core/Src/usbd_core.o
 .debug_abbrev  0x00002d3a      0x26f ./Middlewares/ST/STM32_USB_Device_Library/Core/Src/usbd_ctlreq.o
 .debug_abbrev  0x00002fa9      0x19a ./Middlewares/ST/STM32_USB_Device_Library/Core/Src/usbd_ioreq.o
 .debug_abbrev  0x00003143      0x195 ./USB_DEVICE/App/usb_device.o
 .debug_abbrev  0x000032d8      0x29d ./USB_DEVICE/App/usbd_cdc_if.o
 .debug_abbrev  0x00003575      0x1e1 ./USB_DEVICE/App/usbd_desc.o
 .debug_abbrev  0x00003756      0x33f ./USB_DEVICE/Target/usbd_conf.o

.debug_aranges  0x00000000     0x1578
 .debug_aranges
                0x00000000       0x70 ./Core/Src/main.o
 .debug_aranges
                0x00000070       0x50 ./Core/Src/movement.o
 .debug_aranges
                0x000000c0      0x168 ./Core/Src/nrf24.o
 .debug_aranges
                0x00000228       0x68 ./Core/Src/stm32f4xx_hal_msp.o
 .debug_aranges
                0x00000290       0x68 ./Core/Src/stm32f4xx_it.o
 .debug_aranges
                0x000002f8       0x28 ./Core/Src/system_stm32f4xx.o
 .debug_aranges
                0x00000320       0x28 ./Core/Startup/startup_stm32f411ceux.o
 .debug_aranges
                0x00000348       0xf0 ./Drivers/STM32F4xx_HAL_Driver/Src/stm32f4xx_hal.o
 .debug_aranges
                0x00000438       0xe8 ./Drivers/STM32F4xx_HAL_Driver/Src/stm32f4xx_hal_adc.o
 .debug_aranges
                0x00000520      0x130 ./Drivers/STM32F4xx_HAL_Driver/Src/stm32f4xx_hal_cortex.o
 .debug_aranges
                0x00000650       0x58 ./Drivers/STM32F4xx_HAL_Driver/Src/stm32f4xx_hal_gpio.o
 .debug_aranges
                0x000006a8      0x148 ./Drivers/STM32F4xx_HAL_Driver/Src/stm32f4xx_hal_pcd.o
 .debug_aranges
                0x000007f0       0x38 ./Drivers/STM32F4xx_HAL_Driver/Src/stm32f4xx_hal_pcd_ex.o
 .debug_aranges
                0x00000828       0x88 ./Drivers/STM32F4xx_HAL_Driver/Src/stm32f4xx_hal_rcc.o
 .debug_aranges
                0x000008b0      0x1d0 ./Drivers/STM32F4xx_HAL_Driver/Src/stm32f4xx_hal_spi.o
 .debug_aranges
                0x00000a80      0x3d0 ./Drivers/STM32F4xx_HAL_Driver/Src/stm32f4xx_hal_tim.o
 .debug_aranges
                0x00000e50      0x168 ./Drivers/STM32F4xx_HAL_Driver/Src/stm32f4xx_hal_tim_ex.o
 .debug_aranges
                0x00000fb8      0x1a0 ./Drivers/STM32F4xx_HAL_Driver/Src/stm32f4xx_ll_usb.o
 .debug_aranges
                0x00001158       0x90 ./Middlewares/ST/STM32_USB_Device_Library/Class/CDC/Src/usbd_cdc.o
 .debug_aranges
                0x000011e8       0xd8 ./Middlewares/ST/STM32_USB_Device_Library/Core/Src/usbd_core.o
 .debug_aranges
                0x000012c0       0x90 ./Middlewares/ST/STM32_USB_Device_Library/Core/Src/usbd_ctlreq.o
 .debug_aranges
                0x00001350       0x50 ./Middlewares/ST/STM32_USB_Device_Library/Core/Src/usbd_ioreq.o
 .debug_aranges
                0x000013a0       0x20 ./USB_DEVICE/App/usb_device.o
 .debug_aranges
                0x000013c0       0x48 ./USB_DEVICE/App/usbd_cdc_if.o
 .debug_aranges
                0x00001408       0x60 ./USB_DEVICE/App/usbd_desc.o
 .debug_aranges
                0x00001468      0x110 ./USB_DEVICE/Target/usbd_conf.o

.debug_rnglists
                0x00000000     0x1068
 .debug_rnglists
                0x00000000       0x57 ./Core/Src/main.o
 .debug_rnglists
                0x00000057       0x3a ./Core/Src/movement.o
 .debug_rnglists
                0x00000091      0x10d ./Core/Src/nrf24.o
 .debug_rnglists
                0x0000019e       0x4d ./Core/Src/stm32f4xx_hal_msp.o
 .debug_rnglists
                0x000001eb       0x49 ./Core/Src/stm32f4xx_it.o
 .debug_rnglists
                0x00000234       0x1a ./Core/Src/system_stm32f4xx.o
 .debug_rnglists
                0x0000024e       0x19 ./Core/Startup/startup_stm32f411ceux.o
 .debug_rnglists
                0x00000267       0xaf ./Drivers/STM32F4xx_HAL_Driver/Src/stm32f4xx_hal.o
 .debug_rnglists
                0x00000316       0xb5 ./Drivers/STM32F4xx_HAL_Driver/Src/stm32f4xx_hal_adc.o
 .debug_rnglists
                0x000003cb       0xe0 ./Drivers/STM32F4xx_HAL_Driver/Src/stm32f4xx_hal_cortex.o
 .debug_rnglists
                0x000004ab       0x3f ./Drivers/STM32F4xx_HAL_Driver/Src/stm32f4xx_hal_gpio.o
 .debug_rnglists
                0x000004ea       0xfa ./Drivers/STM32F4xx_HAL_Driver/Src/stm32f4xx_hal_pcd.o
 .debug_rnglists
                0x000005e4       0x26 ./Drivers/STM32F4xx_HAL_Driver/Src/stm32f4xx_hal_pcd_ex.o
 .debug_rnglists
                0x0000060a       0x66 ./Drivers/STM32F4xx_HAL_Driver/Src/stm32f4xx_hal_rcc.o
 .debug_rnglists
                0x00000670      0x16f ./Drivers/STM32F4xx_HAL_Driver/Src/stm32f4xx_hal_spi.o
 .debug_rnglists
                0x000007df      0x31a ./Drivers/STM32F4xx_HAL_Driver/Src/stm32f4xx_hal_tim.o
 .debug_rnglists
                0x00000af9      0x125 ./Drivers/STM32F4xx_HAL_Driver/Src/stm32f4xx_hal_tim_ex.o
 .debug_rnglists
                0x00000c1e      0x147 ./Drivers/STM32F4xx_HAL_Driver/Src/stm32f4xx_ll_usb.o
 .debug_rnglists
                0x00000d65       0x6c ./Middlewares/ST/STM32_USB_Device_Library/Class/CDC/Src/usbd_cdc.o
 .debug_rnglists
                0x00000dd1       0xa1 ./Middlewares/ST/STM32_USB_Device_Library/Core/Src/usbd_core.o
 .debug_rnglists
                0x00000e72       0x6e ./Middlewares/ST/STM32_USB_Device_Library/Core/Src/usbd_ctlreq.o
 .debug_rnglists
                0x00000ee0       0x37 ./Middlewares/ST/STM32_USB_Device_Library/Core/Src/usbd_ioreq.o
 .debug_rnglists
                0x00000f17       0x13 ./USB_DEVICE/App/usb_device.o
 .debug_rnglists
                0x00000f2a       0x32 ./USB_DEVICE/App/usbd_cdc_if.o
 .debug_rnglists
                0x00000f5c       0x43 ./USB_DEVICE/App/usbd_desc.o
 .debug_rnglists
                0x00000f9f       0xc9 ./USB_DEVICE/Target/usbd_conf.o

.debug_macro    0x00000000    0x1af0f
 .debug_macro   0x00000000      0x397 ./Core/Src/main.o
 .debug_macro   0x00000397      0xad8 ./Core/Src/main.o
 .debug_macro   0x00000e6f      0x2a7 ./Core/Src/main.o
 .debug_macro   0x00001116       0x2e ./Core/Src/main.o
 .debug_macro   0x00001144       0x28 ./Core/Src/main.o
 .debug_macro   0x0000116c       0x22 ./Core/Src/main.o
 .debug_macro   0x0000118e       0x8e ./Core/Src/main.o
 .debug_macro   0x0000121c       0x51 ./Core/Src/main.o
 .debug_macro   0x0000126d      0x103 ./Core/Src/main.o
 .debug_macro   0x00001370       0x6a ./Core/Src/main.o
 .debug_macro   0x000013da      0x1df ./Core/Src/main.o
 .debug_macro   0x000015b9       0x1c ./Core/Src/main.o
 .debug_macro   0x000015d5       0x22 ./Core/Src/main.o
 .debug_macro   0x000015f7       0xfb ./Core/Src/main.o
 .debug_macro   0x000016f2     0x1011 ./Core/Src/main.o
 .debug_macro   0x00002703      0x11f ./Core/Src/main.o
 .debug_macro   0x00002822     0xb953 ./Core/Src/main.o
 .debug_macro   0x0000e175       0x6d ./Core/Src/main.o
 .debug_macro   0x0000e1e2     0x369a ./Core/Src/main.o
 .debug_macro   0x0001187c      0x190 ./Core/Src/main.o
 .debug_macro   0x00011a0c       0x5c ./Core/Src/main.o
 .debug_macro   0x00011a68      0x45c ./Core/Src/main.o
 .debug_macro   0x00011ec4      0x9e9 ./Core/Src/main.o
 .debug_macro   0x000128ad      0x115 ./Core/Src/main.o
 .debug_macro   0x000129c2      0x11b ./Core/Src/main.o
 .debug_macro   0x00012add       0xa5 ./Core/Src/main.o
 .debug_macro   0x00012b82      0x15f ./Core/Src/main.o
 .debug_macro   0x00012ce1      0x287 ./Core/Src/main.o
 .debug_macro   0x00012f68       0x5f ./Core/Src/main.o
 .debug_macro   0x00012fc7      0x236 ./Core/Src/main.o
 .debug_macro   0x000131fd      0x9e1 ./Core/Src/main.o
 .debug_macro   0x00013bde      0x38b ./Core/Src/main.o
 .debug_macro   0x00013f69      0x17d ./Core/Src/main.o
 .debug_macro   0x000140e6       0xf9 ./Core/Src/main.o
 .debug_macro   0x000141df      0x132 ./Core/Src/main.o
 .debug_macro   0x00014311      0x264 ./Core/Src/main.o
 .debug_macro   0x00014575       0x2e ./Core/Src/main.o
 .debug_macro   0x000145a3      0x127 ./Core/Src/main.o
 .debug_macro   0x000146ca       0x85 ./Core/Src/main.o
 .debug_macro   0x0001474f       0x89 ./Core/Src/main.o
 .debug_macro   0x000147d8      0x225 ./Core/Src/main.o
 .debug_macro   0x000149fd      0x8ed ./Core/Src/main.o
 .debug_macro   0x000152ea       0x47 ./Core/Src/main.o
 .debug_macro   0x00015331      0x293 ./Core/Src/main.o
 .debug_macro   0x000155c4       0xba ./Core/Src/main.o
 .debug_macro   0x0001567e      0x126 ./Core/Src/main.o
 .debug_macro   0x000157a4       0x58 ./Core/Src/main.o
 .debug_macro   0x000157fc       0x61 ./Core/Src/main.o
 .debug_macro   0x0001585d       0x2a ./Core/Src/main.o
 .debug_macro   0x00015887       0x43 ./Core/Src/main.o
 .debug_macro   0x000158ca       0x34 ./Core/Src/main.o
 .debug_macro   0x000158fe       0x16 ./Core/Src/main.o
 .debug_macro   0x00015914       0x3c ./Core/Src/main.o
 .debug_macro   0x00015950      0x370 ./Core/Src/main.o
 .debug_macro   0x00015cc0       0x10 ./Core/Src/main.o
 .debug_macro   0x00015cd0       0x16 ./Core/Src/main.o
 .debug_macro   0x00015ce6       0x4a ./Core/Src/main.o
 .debug_macro   0x00015d30       0x34 ./Core/Src/main.o
 .debug_macro   0x00015d64       0x10 ./Core/Src/main.o
 .debug_macro   0x00015d74       0x58 ./Core/Src/main.o
 .debug_macro   0x00015dcc       0x8e ./Core/Src/main.o
 .debug_macro   0x00015e5a       0x1c ./Core/Src/main.o
 .debug_macro   0x00015e76      0x185 ./Core/Src/main.o
 .debug_macro   0x00015ffb       0x16 ./Core/Src/main.o
 .debug_macro   0x00016011       0x16 ./Core/Src/main.o
 .debug_macro   0x00016027      0x146 ./Core/Src/main.o
 .debug_macro   0x0001616d       0x16 ./Core/Src/main.o
 .debug_macro   0x00016183       0x16 ./Core/Src/main.o
 .debug_macro   0x00016199       0x29 ./Core/Src/main.o
 .debug_macro   0x000161c2       0x16 ./Core/Src/main.o
 .debug_macro   0x000161d8       0x20 ./Core/Src/main.o
 .debug_macro   0x000161f8       0x65 ./Core/Src/main.o
 .debug_macro   0x0001625d      0x20f ./Core/Src/main.o
 .debug_macro   0x0001646c      0x3c2 ./Core/Src/movement.o
 .debug_macro   0x0001682e       0x5b ./Core/Src/movement.o
 .debug_macro   0x00016889       0x94 ./Core/Src/movement.o
 .debug_macro   0x0001691d       0x57 ./Core/Src/movement.o
 .debug_macro   0x00016974       0x10 ./Core/Src/movement.o
 .debug_macro   0x00016984       0x56 ./Core/Src/movement.o
 .debug_macro   0x000169da      0x186 ./Core/Src/movement.o
 .debug_macro   0x00016b60       0x1c ./Core/Src/movement.o
 .debug_macro   0x00016b7c       0x1c ./Core/Src/movement.o
 .debug_macro   0x00016b98      0x242 ./Core/Src/nrf24.o
 .debug_macro   0x00016dda      0x229 ./Core/Src/stm32f4xx_hal_msp.o
 .debug_macro   0x00017003      0x233 ./Core/Src/stm32f4xx_it.o
 .debug_macro   0x00017236      0x21a ./Core/Src/system_stm32f4xx.o
 .debug_macro   0x00017450      0x27a ./Drivers/STM32F4xx_HAL_Driver/Src/stm32f4xx_hal.o
 .debug_macro   0x000176ca      0x21b ./Drivers/STM32F4xx_HAL_Driver/Src/stm32f4xx_hal_adc.o
 .debug_macro   0x000178e5      0x21a ./Drivers/STM32F4xx_HAL_Driver/Src/stm32f4xx_hal_cortex.o
 .debug_macro   0x00017aff      0x220 ./Drivers/STM32F4xx_HAL_Driver/Src/stm32f4xx_hal_gpio.o
 .debug_macro   0x00017d1f      0x226 ./Drivers/STM32F4xx_HAL_Driver/Src/stm32f4xx_hal_pcd.o
 .debug_macro   0x00017f45      0x21a ./Drivers/STM32F4xx_HAL_Driver/Src/stm32f4xx_hal_pcd_ex.o
 .debug_macro   0x0001815f      0x23e ./Drivers/STM32F4xx_HAL_Driver/Src/stm32f4xx_hal_rcc.o
 .debug_macro   0x0001839d      0x229 ./Drivers/STM32F4xx_HAL_Driver/Src/stm32f4xx_hal_spi.o
 .debug_macro   0x000185c6      0x21b ./Drivers/STM32F4xx_HAL_Driver/Src/stm32f4xx_hal_tim.o
 .debug_macro   0x000187e1      0x21a ./Drivers/STM32F4xx_HAL_Driver/Src/stm32f4xx_hal_tim_ex.o
 .debug_macro   0x000189fb      0x21a ./Drivers/STM32F4xx_HAL_Driver/Src/stm32f4xx_ll_usb.o
 .debug_macro   0x00018c15      0x3b8 ./Middlewares/ST/STM32_USB_Device_Library/Class/CDC/Src/usbd_cdc.o
 .debug_macro   0x00018fcd       0x9e ./Middlewares/ST/STM32_USB_Device_Library/Class/CDC/Src/usbd_cdc.o
 .debug_macro   0x0001906b      0x112 ./Middlewares/ST/STM32_USB_Device_Library/Class/CDC/Src/usbd_cdc.o
 .debug_macro   0x0001917d       0x95 ./Middlewares/ST/STM32_USB_Device_Library/Class/CDC/Src/usbd_cdc.o
 .debug_macro   0x00019212      0x39f ./Middlewares/ST/STM32_USB_Device_Library/Core/Src/usbd_core.o
 .debug_macro   0x000195b1      0x215 ./Middlewares/ST/STM32_USB_Device_Library/Core/Src/usbd_core.o
 .debug_macro   0x000197c6      0x3a9 ./Middlewares/ST/STM32_USB_Device_Library/Core/Src/usbd_ctlreq.o
 .debug_macro   0x00019b6f      0x3a5 ./Middlewares/ST/STM32_USB_Device_Library/Core/Src/usbd_ioreq.o
 .debug_macro   0x00019f14      0x3d8 ./USB_DEVICE/App/usb_device.o
 .debug_macro   0x0001a2ec       0x5e ./USB_DEVICE/App/usb_device.o
 .debug_macro   0x0001a34a       0x22 ./USB_DEVICE/App/usb_device.o
 .debug_macro   0x0001a36c       0x16 ./USB_DEVICE/App/usb_device.o
 .debug_macro   0x0001a382      0x3c3 ./USB_DEVICE/App/usbd_cdc_if.o
 .debug_macro   0x0001a745       0x10 ./USB_DEVICE/App/usbd_cdc_if.o
 .debug_macro   0x0001a755      0x3e2 ./USB_DEVICE/App/usbd_desc.o
 .debug_macro   0x0001ab37       0x1c ./USB_DEVICE/App/usbd_desc.o
 .debug_macro   0x0001ab53      0x3bc ./USB_DEVICE/Target/usbd_conf.o

.debug_line     0x00000000    0x19b7e
 .debug_line    0x00000000      0xd98 ./Core/Src/main.o
 .debug_line    0x00000d98      0xbd1 ./Core/Src/movement.o
 .debug_line    0x00001969      0xdec ./Core/Src/nrf24.o
 .debug_line    0x00002755      0x9fa ./Core/Src/stm32f4xx_hal_msp.o
 .debug_line    0x0000314f      0x89a ./Core/Src/stm32f4xx_it.o
 .debug_line    0x000039e9      0x858 ./Core/Src/system_stm32f4xx.o
 .debug_line    0x00004241       0x7a ./Core/Startup/startup_stm32f411ceux.o
 .debug_line    0x000042bb      0xac5 ./Drivers/STM32F4xx_HAL_Driver/Src/stm32f4xx_hal.o
 .debug_line    0x00004d80     0x1219 ./Drivers/STM32F4xx_HAL_Driver/Src/stm32f4xx_hal_adc.o
 .debug_line    0x00005f99      0xd95 ./Drivers/STM32F4xx_HAL_Driver/Src/stm32f4xx_hal_cortex.o
 .debug_line    0x00006d2e      0xbe1 ./Drivers/STM32F4xx_HAL_Driver/Src/stm32f4xx_hal_gpio.o
 .debug_line    0x0000790f     0x150a ./Drivers/STM32F4xx_HAL_Driver/Src/stm32f4xx_hal_pcd.o
 .debug_line    0x00008e19      0x88e ./Drivers/STM32F4xx_HAL_Driver/Src/stm32f4xx_hal_pcd_ex.o
 .debug_line    0x000096a7      0xed2 ./Drivers/STM32F4xx_HAL_Driver/Src/stm32f4xx_hal_rcc.o
 .debug_line    0x0000a579     0x1d5a ./Drivers/STM32F4xx_HAL_Driver/Src/stm32f4xx_hal_spi.o
 .debug_line    0x0000c2d3     0x360c ./Drivers/STM32F4xx_HAL_Driver/Src/stm32f4xx_hal_tim.o
 .debug_line    0x0000f8df     0x19c0 ./Drivers/STM32F4xx_HAL_Driver/Src/stm32f4xx_hal_tim_ex.o
 .debug_line    0x0001129f     0x1d90 ./Drivers/STM32F4xx_HAL_Driver/Src/stm32f4xx_ll_usb.o
 .debug_line    0x0001302f      0xf32 ./Middlewares/ST/STM32_USB_Device_Library/Class/CDC/Src/usbd_cdc.o
 .debug_line    0x00013f61      0xfd5 ./Middlewares/ST/STM32_USB_Device_Library/Core/Src/usbd_core.o
 .debug_line    0x00014f36     0x11b2 ./Middlewares/ST/STM32_USB_Device_Library/Core/Src/usbd_ctlreq.o
 .debug_line    0x000160e8      0xaeb ./Middlewares/ST/STM32_USB_Device_Library/Core/Src/usbd_ioreq.o
 .debug_line    0x00016bd3      0xab7 ./USB_DEVICE/App/usb_device.o
 .debug_line    0x0001768a      0xb0a ./USB_DEVICE/App/usbd_cdc_if.o
 .debug_line    0x00018194      0xb60 ./USB_DEVICE/App/usbd_desc.o
 .debug_line    0x00018cf4      0xe8a ./USB_DEVICE/Target/usbd_conf.o

.debug_str      0x00000000    0x9e3ae
 .debug_str     0x00000000    0x9e3ae ./Core/Src/main.o
                              0x98626 (size before relaxing)
 .debug_str     0x0009e3ae    0x9851f ./Core/Src/movement.o
 .debug_str     0x0009e3ae    0x945f5 ./Core/Src/nrf24.o
 .debug_str     0x0009e3ae    0x93eee ./Core/Src/stm32f4xx_hal_msp.o
 .debug_str     0x0009e3ae    0x93896 ./Core/Src/stm32f4xx_it.o
 .debug_str     0x0009e3ae    0x93468 ./Core/Src/system_stm32f4xx.o
 .debug_str     0x0009e3ae       0x94 ./Core/Startup/startup_stm32f411ceux.o
 .debug_str     0x0009e3ae    0x93e94 ./Drivers/STM32F4xx_HAL_Driver/Src/stm32f4xx_hal.o
 .debug_str     0x0009e3ae    0x93a43 ./Drivers/STM32F4xx_HAL_Driver/Src/stm32f4xx_hal_adc.o
 .debug_str     0x0009e3ae    0x93bfe ./Drivers/STM32F4xx_HAL_Driver/Src/stm32f4xx_hal_cortex.o
 .debug_str     0x0009e3ae    0x935e3 ./Drivers/STM32F4xx_HAL_Driver/Src/stm32f4xx_hal_gpio.o
 .debug_str     0x0009e3ae    0x93f34 ./Drivers/STM32F4xx_HAL_Driver/Src/stm32f4xx_hal_pcd.o
 .debug_str     0x0009e3ae    0x93824 ./Drivers/STM32F4xx_HAL_Driver/Src/stm32f4xx_hal_pcd_ex.o
 .debug_str     0x0009e3ae    0x9389c ./Drivers/STM32F4xx_HAL_Driver/Src/stm32f4xx_hal_rcc.o
 .debug_str     0x0009e3ae    0x93d14 ./Drivers/STM32F4xx_HAL_Driver/Src/stm32f4xx_hal_spi.o
 .debug_str     0x0009e3ae    0x947e0 ./Drivers/STM32F4xx_HAL_Driver/Src/stm32f4xx_hal_tim.o
 .debug_str     0x0009e3ae    0x93fec ./Drivers/STM32F4xx_HAL_Driver/Src/stm32f4xx_hal_tim_ex.o
 .debug_str     0x0009e3ae    0x93e0f ./Drivers/STM32F4xx_HAL_Driver/Src/stm32f4xx_ll_usb.o
 .debug_str     0x0009e3ae    0x98601 ./Middlewares/ST/STM32_USB_Device_Library/Class/CDC/Src/usbd_cdc.o
 .debug_str     0x0009e3ae    0x97f5a ./Middlewares/ST/STM32_USB_Device_Library/Core/Src/usbd_core.o
 .debug_str     0x0009e3ae    0x97d85 ./Middlewares/ST/STM32_USB_Device_Library/Core/Src/usbd_ctlreq.o
 .debug_str     0x0009e3ae    0x97c5a ./Middlewares/ST/STM32_USB_Device_Library/Core/Src/usbd_ioreq.o
 .debug_str     0x0009e3ae    0x9800d ./USB_DEVICE/App/usb_device.o
 .debug_str     0x0009e3ae    0x9804d ./USB_DEVICE/App/usbd_cdc_if.o
 .debug_str     0x0009e3ae    0x97b5a ./USB_DEVICE/App/usbd_desc.o
 .debug_str     0x0009e3ae    0x98d09 ./USB_DEVICE/Target/usbd_conf.o

.comment        0x00000000       0x43
 .comment       0x00000000       0x43 ./Core/Src/main.o
                                 0x44 (size before relaxing)
 .comment       0x00000043       0x44 ./Core/Src/movement.o
 .comment       0x00000043       0x44 ./Core/Src/nrf24.o
 .comment       0x00000043       0x44 ./Core/Src/stm32f4xx_hal_msp.o
 .comment       0x00000043       0x44 ./Core/Src/stm32f4xx_it.o
 .comment       0x00000043       0x44 ./Core/Src/system_stm32f4xx.o
 .comment       0x00000043       0x44 ./Drivers/STM32F4xx_HAL_Driver/Src/stm32f4xx_hal.o
 .comment       0x00000043       0x44 ./Drivers/STM32F4xx_HAL_Driver/Src/stm32f4xx_hal_adc.o
 .comment       0x00000043       0x44 ./Drivers/STM32F4xx_HAL_Driver/Src/stm32f4xx_hal_cortex.o
 .comment       0x00000043       0x44 ./Drivers/STM32F4xx_HAL_Driver/Src/stm32f4xx_hal_gpio.o
 .comment       0x00000043       0x44 ./Drivers/STM32F4xx_HAL_Driver/Src/stm32f4xx_hal_pcd.o
 .comment       0x00000043       0x44 ./Drivers/STM32F4xx_HAL_Driver/Src/stm32f4xx_hal_pcd_ex.o
 .comment       0x00000043       0x44 ./Drivers/STM32F4xx_HAL_Driver/Src/stm32f4xx_hal_rcc.o
 .comment       0x00000043       0x44 ./Drivers/STM32F4xx_HAL_Driver/Src/stm32f4xx_hal_spi.o
 .comment       0x00000043       0x44 ./Drivers/STM32F4xx_HAL_Driver/Src/stm32f4xx_hal_tim.o
 .comment       0x00000043       0x44 ./Drivers/STM32F4xx_HAL_Driver/Src/stm32f4xx_hal_tim_ex.o
 .comment       0x00000043       0x44 ./Drivers/STM32F4xx_HAL_Driver/Src/stm32f4xx_ll_usb.o
 .comment       0x00000043       0x44 ./Middlewares/ST/STM32_USB_Device_Library/Class/CDC/Src/usbd_cdc.o
 .comment       0x00000043       0x44 ./Middlewares/ST/STM32_USB_Device_Library/Core/Src/usbd_core.o
 .comment       0x00000043       0x44 ./Middlewares/ST/STM32_USB_Device_Library/Core/Src/usbd_ctlreq.o
 .comment       0x00000043       0x44 ./Middlewares/ST/STM32_USB_Device_Library/Core/Src/usbd_ioreq.o
 .comment       0x00000043       0x44 ./USB_DEVICE/App/usb_device.o
 .comment       0x00000043       0x44 ./USB_DEVICE/App/usbd_cdc_if.o
 .comment       0x00000043       0x44 ./USB_DEVICE/App/usbd_desc.o
 .comment       0x00000043       0x44 ./USB_DEVICE/Target/usbd_conf.o

.debug_frame    0x00000000     0x59a4
 .debug_frame   0x00000000      0x180 ./Core/Src/main.o
 .debug_frame   0x00000180       0xe8 ./Core/Src/movement.o
 .debug_frame   0x00000268      0x594 ./Core/Src/nrf24.o
 .debug_frame   0x000007fc      0x18c ./Core/Src/stm32f4xx_hal_msp.o
 .debug_frame   0x00000988      0x120 ./Core/Src/stm32f4xx_it.o
 .debug_frame   0x00000aa8       0x58 ./Core/Src/system_stm32f4xx.o
 .debug_frame   0x00000b00      0x374 ./Drivers/STM32F4xx_HAL_Driver/Src/stm32f4xx_hal.o
 .debug_frame   0x00000e74      0x3fc ./Drivers/STM32F4xx_HAL_Driver/Src/stm32f4xx_hal_adc.o
 .debug_frame   0x00001270      0x508 ./Drivers/STM32F4xx_HAL_Driver/Src/stm32f4xx_hal_cortex.o
 .debug_frame   0x00001778      0x14c ./Drivers/STM32F4xx_HAL_Driver/Src/stm32f4xx_hal_gpio.o
 .debug_frame   0x000018c4      0x5b8 ./Drivers/STM32F4xx_HAL_Driver/Src/stm32f4xx_hal_pcd.o
 .debug_frame   0x00001e7c       0xb0 ./Drivers/STM32F4xx_HAL_Driver/Src/stm32f4xx_hal_pcd_ex.o
 .debug_frame   0x00001f2c      0x1f4 ./Drivers/STM32F4xx_HAL_Driver/Src/stm32f4xx_hal_rcc.o
 .debug_frame   0x00002120      0x828 ./Drivers/STM32F4xx_HAL_Driver/Src/stm32f4xx_hal_spi.o
 .debug_frame   0x00002948     0x11b8 ./Drivers/STM32F4xx_HAL_Driver/Src/stm32f4xx_hal_tim.o
 .debug_frame   0x00003b00      0x638 ./Drivers/STM32F4xx_HAL_Driver/Src/stm32f4xx_hal_tim_ex.o
 .debug_frame   0x00004138      0x7c0 ./Drivers/STM32F4xx_HAL_Driver/Src/stm32f4xx_ll_usb.o
 .debug_frame   0x000048f8      0x23c ./Middlewares/ST/STM32_USB_Device_Library/Class/CDC/Src/usbd_cdc.o
 .debug_frame   0x00004b34      0x390 ./Middlewares/ST/STM32_USB_Device_Library/Core/Src/usbd_core.o